Filesystem volume name:   <none>
Last mounted on:          /
Filesystem UUID:          7cfe4cef-bb49-4c29-ac30-05a4c65aa7ec
Filesystem magic number:  0xEF53
Filesystem revision #:    1 (dynamic)
Filesystem features:      has_journal ext_attr resize_inode dir_index filetype needs_recovery extent 64bit flex_bg sparse_super large_file huge_file dir_nlink extra_isize metadata_csum
Filesystem flags:         signed_directory_hash 
Default mount options:    user_xattr acl
Filesystem state:         clean
Errors behavior:          Continue
Filesystem OS type:       Linux
Inode count:              3932160
Block count:              15727872
Reserved block count:     786393
Overhead clusters:        325685
Free blocks:              10381001
Free inodes:              3652100
First block:              0
Block size:               4096
Fragment size:            4096
Group descriptor size:    64
Reserved GDT blocks:      1024
Blocks per group:         32768
Fragments per group:      32768
Inodes per group:         8192
Inode blocks per group:   512
Flex block group size:    16
Filesystem created:       Sat Apr 22 15:32:55 2023
Last mount time:          Thu Nov 30 05:45:35 2023
Last write time:          Thu Nov 30 05:45:34 2023
Mount count:              61
Maximum mount count:      -1
Last checked:             Sat Apr 22 15:32:55 2023
Check interval:           0 (<none>)
Lifetime writes:          52 GB
Reserved blocks uid:      0 (user root)
Reserved blocks gid:      0 (group root)
First inode:              11
Inode size:	          256
Required extra isize:     32
Desired extra isize:      32
Journal inode:            8
Default directory hash:   half_md4
Directory Hash Seed:      f0fdb585-aa24-4454-8cf5-ee1976182deb
Journal backup:           inode blocks
Checksum type:            crc32c
Checksum:                 0x641d1a70
Journal features:         journal_incompat_revoke journal_64bit journal_checksum_v3
Total journal size:       256M
Total journal blocks:     65536
Max transaction length:   65536
Fast commit length:       0
Journal sequence:         0x00015d9e
Journal start:            1
Journal checksum type:    crc32c
Journal checksum:         0x63ef115c


Group 0: (Blocks 0-32767) csum 0xd2c9 [ITABLE_ZEROED]
  Primary superblock at 0, Group descriptors at 1-8
  Reserved GDT blocks at 9-1032
  Block bitmap at 1033 (+1033), csum 0x4a895c7e
  Inode bitmap at 1049 (+1049), csum 0x9fa78c55
  Inode table at 1065-1576 (+1065)
  2446 free blocks, 8174 free inodes, 2 directories, 8174 unused inodes
  Free blocks: 9282-9286, 11063-11071, 11098-11099, 11119-11167, 11192-11197, 13289-13311, 13336-13358, 15953-16255, 16370-16373, 24564-24575, 28672-29721, 31808-32767
  Free inodes: 19-8192
Group 1: (Blocks 32768-65535) csum 0x3ea6 [INODE_UNINIT, ITABLE_ZEROED]
  Backup superblock at 32768, Group descriptors at 32769-32776
  Reserved GDT blocks at 32777-33800
  Block bitmap at 1034 (bg #0 + 1034), csum 0xa75edcd1
  Inode bitmap at 1050 (bg #0 + 1050), csum 0x00000000
  Inode table at 1577-2088 (bg #0 + 1577)
  8753 free blocks, 8192 free inodes, 0 directories, 8192 unused inodes
  Free blocks: 33822-33823, 33840, 33842-33865, 33886-33887, 33910-33911, 33913-33914, 33919, 34003-34005, 34040-34111, 34145-34175, 34261-34328, 34352-34419, 34446-34559, 34636-34687, 34745-34751, 34797-34811, 34814-34815, 38880-38911, 40961-41507, 41525-41532, 41553-41565, 41567-41573, 41575-41652, 43456-43519, 44032-44159, 44197-44223, 44258-44415, 44438-44447, 44463-44467, 44471-44479, 44544-44799, 44987-45055, 45057-45857, 46551-46608, 46622-46629, 46632-46655, 46657-46675, 46679, 46683-46684, 46688, 46692, 47105-47615, 47626-47636, 47656-47658, 47717-47739, 47757-47772, 47774-47784, 47821-47824, 47850-47872, 47904-47918, 47921-47943, 47995-47997, 48008-48017, 48031-48043, 48049-48053, 48068-48073, 48079-48087, 48161-48208, 48238-48247, 48293-48298, 48359-48363, 48419-48424, 48450-48465, 48535-48542, 48545-48550, 48560-48603, 48681-48696, 48778-48798, 48859-48868, 48887-48912, 48931-48938, 48940-48943, 49064-49071, 49152-49471, 49527-49692, 49701-49709, 49721, 49739-49756, 49758-50207, 50307, 50373-50399, 50432-50687, 51200-51220, 51222-51231, 51253-51764, 51766-51773, 51796-52223, 52342-52735, 53182-53247, 59392-59551, 59648-59679, 59776-59807, 59829, 59836-59839, 59847, 59864-59871, 59879, 59896-59935, 59943, 59960-59967, 59977, 59997-60031, 60126, 60128-60129, 60132-60191, 60199, 60216-60319, 60327, 60344-60447, 60455, 60472-60575, 60585, 60605-60671, 60741-60742, 60744, 60747-60767, 60777, 60797-60831, 60837, 60852-60927, 61128-61131, 61141-61151, 61159, 61176-61823, 61887, 61890, 61893-61919, 61927, 61944-61951, 63911, 63928-63999, 64207-64210, 64228-64511, 64527, 64561, 64612, 64617, 64626, 64628-64635, 64638, 64648-64746, 64750-64755, 64757, 64759-64764, 64767-64789, 64795-64856, 64924-64930, 64953-64954, 64958-64961, 64967-64968, 64970-64971, 64983, 65011-65012, 65045-65048, 65054, 65056-65079, 65088-65089, 65092-65101, 65103-65106, 65108-65119, 65122-65123, 65125-65126, 65129-65130, 65147-65148, 65150-65153, 65157-65158, 65161-65163, 65165, 65172-65175, 65194, 65198-65204, 65212-65228, 65241-65242, 65246-65253, 65255, 65257-65260, 65264-65275, 65281-65282, 65367-65370, 65372-65373, 65437-65439, 65457-65458, 65465
  Free inodes: 8193-16384
Group 2: (Blocks 65536-98303) csum 0x7821 [INODE_UNINIT, ITABLE_ZEROED]
  Block bitmap at 1035 (bg #0 + 1035), csum 0x7be0a34f
  Inode bitmap at 1051 (bg #0 + 1051), csum 0x00000000
  Inode table at 2089-2600 (bg #0 + 2089)
  12050 free blocks, 8192 free inodes, 0 directories, 8192 unused inodes
  Free blocks: 66612-66682, 66709-67087, 67090-67091, 67408-67419, 67444-67519, 67580, 67588-67611, 67616-67617, 67620-67625, 67628-68095, 68608-68831, 68861-68863, 69012-69119, 69234-69255, 69260-69561, 69563-69631, 71280-71295, 71368-71391, 71419-71679, 73728-73778, 73781-73794, 73796-74269, 74275, 74280, 74285, 74301, 74308-74315, 74320, 74325, 74330, 74335, 74340-74341, 74343, 74349-74351, 74354, 74446-74447, 74450, 74452-74453, 74461-74743, 74746, 74748, 74752-74753, 74755-74790, 74792-75359, 75382-75391, 75460-75487, 75511-75775, 77409-77843, 77845-77852, 77856-77875, 77880, 77888-77893, 77896-77903, 77905-77909, 77912, 77920-77934, 77940-77951, 77953-77967, 77972, 77974-77981, 77986-77989, 77991-77994, 77998, 78009-78014, 78017, 78029-78030, 78033, 78038, 78041, 78044, 78048-78049, 78052-78053, 78065, 78069, 78072-78074, 78076, 78078-78084, 78090, 78093-78098, 78103-78107, 78112, 78123, 78127, 78130-78131, 78138-78139, 78144, 78147-78150, 78152-78154, 78169-78172, 78175, 78179, 78184-78185, 78188, 78202, 78207-78209, 78212, 78224-78226, 78230-78232, 78235, 78239-78242, 78245-78247, 78249, 78256-78257, 78261-78279, 78287-78290, 78296, 78301, 78307, 78309, 78311-78316, 78318, 78321-78322, 78328-78331, 78333-78385, 78392-78443, 78446-78459, 78488-78496, 78502-78514, 78520-78531, 78561-78568, 78572-78581, 78592-78600, 78602-78621, 78639-78649, 78660-78783, 78786-78893, 78897-79467, 79470-79472, 79475-79523, 79529-79931, 79935-79938, 79946-79984, 79987-80010, 80019-80034, 80037-80087, 80090-80100, 80104-80123, 80125-80126, 80133-80138, 80140, 80143-80153, 80158-80165, 80167-80191, 80194-80219, 80222, 80225-80255, 80257-80265, 80267-80271, 80277-80292, 80296-80300, 80303-80318, 80320-80336, 80340-80363, 80369-80395, 80398-80411, 80414-80440, 80444-80451, 80453-80470, 80472-80499, 80504-80558, 80562-80580, 80584-80595, 80597-80608, 80610-80614, 80616-80621, 80624-80643, 80645-80650, 80658-80661, 80666, 80668-80671, 80678, 80683-80779, 80781-80790, 80792-80793, 80807-80810, 80817, 80819-80821, 80827-80830, 80832-80848, 80856-80885, 80887-80909, 80924-80941, 80947-80969, 80972-80981, 80984-80987, 80991-81012, 81029-81035, 81037-81045, 81050-81066, 81069-81130, 81132-81139, 81149-81151, 81157-81174, 81182-81188, 81191-81206, 81210-81217, 81219-81233, 81237-81247, 81257-81258, 81265-81270, 81272-81277, 81284-81301, 81304-81343, 81345-81362, 81366-81407, 81418-81419, 81424-81441, 81445-81533, 81539-81547, 81551-81568, 81572-81603, 81605-81629, 81631-81641, 81646-81650, 81659-81716, 81720-81728, 81736-81738, 81742-81751, 81758-81779, 81794-81797, 81806-81841, 81843-81867, 81869-81943, 81946-81950, 81953-82029, 82033-82036, 82038-82066, 82070-82117, 82128-82139, 82143-82150, 82152-82192, 82195-82205, 82209-82255, 82257-82272, 82295-82306, 82311-82326, 82338-82346, 82350-82424, 82426-82444, 82450-82464, 82466-82475, 82479-82496, 82507-82523, 82531-82551, 82577-82583, 82590-82671, 82684-82975, 82993-83054, 83057-83075, 83079-83100, 83111-83126, 83138-83150, 83156-83159, 83164-83167, 83174-83231, 83233-83263, 83265-83277, 83285-83302, 83317-83329, 83345-83346, 83349-83363, 83380, 83382-83411, 83429-83504, 83508-83511, 83514, 83520-83523, 83525-83546, 83548-83557, 83561-83563, 83567, 83572-83573, 83576-83577, 83579-83624, 83631-83636, 83643-83649, 83678-83684, 83698-83753, 83755-83761, 83782-83835, 83839-83908, 83911-83914, 83918-83930, 83932-83959, 83963-83967, 86016-86271, 86325-86399, 86440-86463, 86484-86495, 86518-86527, 87038-87519, 87537-87807, 87838-87839, 87860-87871, 87915-87935, 87953-87999, 88051-88063, 89942-90145, 90154-90162, 90173-90232, 90237-90282, 90316-90322, 90341-90385, 90388-90402, 90409-90439, 90442-91007, 91042-91071, 91116-91327, 91363-91647, 91689-91695, 91704-91708, 92099-92101, 92107-92109, 92125-92138, 92153-92156
  Free inodes: 16385-24576
Group 3: (Blocks 98304-131071) csum 0x950f [INODE_UNINIT, ITABLE_ZEROED]
  Backup superblock at 98304, Group descriptors at 98305-98312
  Reserved GDT blocks at 98313-99336
  Block bitmap at 1036 (bg #0 + 1036), csum 0xf6a45ded
  Inode bitmap at 1052 (bg #0 + 1052), csum 0x00000000
  Inode table at 2601-3112 (bg #0 + 2601)
  9100 free blocks, 8192 free inodes, 0 directories, 8192 unused inodes
  Free blocks: 99447-99455, 99473-99476, 99581-100351, 112063-113151, 113277-113301, 113322-113331, 113333-113372, 113391-113401, 113663-114387, 114410-114416, 114418-114462, 114465-114687, 114689-116735, 116737-118783, 118785-120831
  Free inodes: 24577-32768
Group 4: (Blocks 131072-163839) csum 0xe080 [INODE_UNINIT, ITABLE_ZEROED]
  Block bitmap at 1037 (bg #0 + 1037), csum 0x3f73e175
  Inode bitmap at 1053 (bg #0 + 1053), csum 0x00000000
  Inode table at 3113-3624 (bg #0 + 3113)
  66 free blocks, 8192 free inodes, 0 directories, 8192 unused inodes
  Free blocks: 137099-137151, 137203-137215
  Free inodes: 32769-40960
Group 5: (Blocks 163840-196607) csum 0x1bb4 [INODE_UNINIT, ITABLE_ZEROED]
  Backup superblock at 163840, Group descriptors at 163841-163848
  Reserved GDT blocks at 163849-164872
  Block bitmap at 1038 (bg #0 + 1038), csum 0xb769b640
  Inode bitmap at 1054 (bg #0 + 1054), csum 0x00000000
  Inode table at 3625-4136 (bg #0 + 3625)
  2384 free blocks, 8192 free inodes, 0 directories, 8192 unused inodes
  Free blocks: 166912-166935, 166974-166985, 166998-167015, 167018-167023, 167027-167049, 167052-167060, 167063-167071, 167076-167078, 167080-167096, 167110-167113, 167119-167123, 167126-167127, 167129-167131, 167134-167161, 167170-167183, 167188-167200, 167207-167208, 167249-167251, 167256-167283, 167286-167301, 167303-167334, 167341-167345, 167347-167352, 167354-167372, 167395-167399, 167402-167407, 167410-167414, 167420-167423, 167482-167487, 167508-167519, 167550-167551, 167612-167631, 167640-167647, 167702-167711, 167742-167743, 167769-167775, 167795-167807, 167871, 167897-167905, 167908-167935, 168400-168415, 168499, 168503-168511, 168542-168543, 168569-168575, 168601-168607, 168627-168639, 168658-168671, 168698-168703, 168934-168974, 169009-169163, 169188-169472, 169485, 169646-169653, 169677-169682, 169699-169702, 169872-169877, 169892-169894, 169896-169908, 169910-169915, 169918, 169922-169944, 169955-169983, 170520-170527, 170552-170559, 170599-170623, 170733-170751, 171004-171007, 172857-172863, 172897-172927, 173044-173055, 186998-187007, 187070-187391, 187422-187423, 187449-187455, 187500-187921, 187923-187935, 187959-187967, 188026-188415
  Free inodes: 40961-49152
Group 6: (Blocks 196608-229375) csum 0x4ee7 [INODE_UNINIT, ITABLE_ZEROED]
  Block bitmap at 1039 (bg #0 + 1039), csum 0x3f5e2502
  Inode bitmap at 1055 (bg #0 + 1055), csum 0x00000000
  Inode table at 4137-4648 (bg #0 + 4137)
  6069 free blocks, 8192 free inodes, 0 directories, 8192 unused inodes
  Free blocks: 201175-201215, 201576-201599, 201682-201695, 201716-201727, 201901-201919, 201981-201983, 202071-202079, 202106-202111, 202145-202175, 202231-202235, 202273-202321, 202382-202406, 202440-202495, 202572-202591, 202617-202623, 202680-202687, 202745-202746, 202748-203039, 203057-203071, 203076-203213, 203231, 203255-203263, 203347, 203426-203427, 203499-203507, 203763-203765, 203776-204063, 204086-204139, 204159-204267, 204285-204287, 205073-205087, 205112-205119, 205180-205183, 205249-205279, 205310-205311, 205510-205535, 205556-205567, 205701, 205727, 205747-205759, 205821-205823, 206336-206365, 206416-206591, 206617-206641, 206643-206655, 206697-206719, 206756-206814, 206821, 206826-206913, 206915-206973, 206976-206982, 206987-207005, 207007-207030, 207042-207067, 207074-207177, 207180-207237, 207262-207276, 207281-207285, 207290-207310, 207315-207357, 207614-207775, 207798-207807, 207850-208095, 208117-208127, 208335-208383, 208559-208566, 208569-208570, 208644-208647, 208653, 208658-208662, 208667-208672, 208674-208680, 208689-208695, 208706-208723, 208729-208736, 208749, 208759, 208798-208799, 213156-213183, 213217-213247, 213368-213375, 213424-213439, 213462-213500, 213503, 213686-213695, 213730-213759, 213918-213919, 213950-214015, 214293-214303, 214378-214527, 215492-215519, 215539-215692, 215695-215785, 215789-215791, 215800-215871, 215883-215891, 215901-215929, 215932-216022, 216025-216061, 216119-216127, 216164-216191, 216264-216287, 216315-216319, 216429-216575, 217088-217169, 217178-217183, 217203-217215, 217328-217599, 217970-217983, 218067-218079, 218112-218146, 218152-218168, 218172-218186, 218190-218292, 218295-218317, 218323-218338, 218345-218420, 218424-218494, 218500-218534, 218541-218546, 218554-218598, 218600-218601, 218606-218609, 218611-218621, 219812-220178, 220180-220191, 220210-220287, 220366-220383, 220406-220671, 220691-220716, 220719-220722, 220727, 220734-220799, 220891-220895, 220927-221183, 223548-223615, 223690-223711, 223730-223743, 224102-224127, 224214-224255, 224698-224767, 224806-224807, 224810-224811, 224815-224832, 225206-225217
  Free inodes: 49153-57344
Group 7: (Blocks 229376-262143) csum 0x6f85 [INODE_UNINIT, ITABLE_ZEROED]
  Backup superblock at 229376, Group descriptors at 229377-229384
  Reserved GDT blocks at 229385-230408
  Block bitmap at 1040 (bg #0 + 1040), csum 0x559ef2b7
  Inode bitmap at 1056 (bg #0 + 1056), csum 0x00000000
  Inode table at 4649-5160 (bg #0 + 4649)
  9244 free blocks, 8192 free inodes, 0 directories, 8192 unused inodes
  Free blocks: 230409-230687, 230715-230719, 230783, 230838-230847, 230865-230911, 230928, 230939-230940, 230947, 231020-231167, 231320-231327, 231416-231448, 231456-231506, 231512, 231514-231517, 231521-231541, 231544-231546, 231548-231566, 231568-231595, 231597-231622, 231625-231630, 231637-231681, 231684-231758, 231760-231763, 231768-231775, 231817-231882, 231889-231898, 231902-231906, 231914-231926, 231930-231935, 231947-231949, 231954-231973, 231977-231986, 231991-232006, 232013-232023, 232048-232082, 232091-232109, 232138-232153, 232167-232173, 232244-232255, 232275-232281, 232333-232344, 232353-232365, 232392-232398, 232404-232418, 232425-232486, 232489-232527, 232555-232567, 232570-232587, 232604-232608, 232615-232633, 232637, 232649-232659, 232669-232682, 232702-232723, 232739-232758, 232761-232784, 232792-232799, 232810-232813, 232815-232830, 232832-232863, 232872-232969, 232971-232996, 232998-233148, 233156-233395, 233399-233419, 233424-233428, 233440-233474, 233479-233507, 233509-233511, 233534-233556, 233560-233573, 233577-233586, 233599-233601, 233620-233640, 233668-233681, 233686-233711, 233721-233757, 233760-233807, 233815-233833, 233842-233843, 233846-233870, 233874-233884, 233887-233920, 233923-233931, 233934-233960, 233970-233981, 233984-234005, 234007-234018, 234040-234073, 234077-234110, 234112-234144, 234146-234180, 234186-234194, 234197-234260, 234296-234298, 234304-234306, 234308-234511, 234584, 234586, 234588-234591, 234615-235007, 235025-235061, 235063-235064, 235072, 235074-235078, 235081-235134, 235143-235174, 235194-235204, 235206-235533, 235535, 235541-235650, 235656-235696, 235700-235736, 235740-235746, 235751-235781, 235783-235815, 235819-235820, 235822-235842, 235846-235861, 235866-235869, 235877-236037, 236042-236051, 236055-236077, 236081-236148, 236154-236182, 236187-236211, 236216-236268, 236270-236339, 236349-236357, 236360-236404, 236412-236442, 236445-236448, 236454-236457, 236466-236467, 236470-236477, 236482-236483, 236489-236491, 236518-236525, 236543, 236584-236656, 236682-236855, 236859-237033, 237049-237135, 237137, 237139-237141, 237143, 237145, 237147, 237149, 237151, 237153, 237155, 237157, 237159, 237161, 237163, 237165, 237167, 237169, 237171-237172, 237175, 237177, 237179, 237181, 237183, 237185, 237187, 237189-237190, 237193-237303, 237326-237466, 237468-237585, 237603-237608, 237616-237639, 237659-237681, 237693-237697, 237710-237717, 237731-237735, 237742-237748, 237765-237771, 237778-237780, 237816-237835, 237837-237854, 237857-237866, 237868-237919, 237924-237973, 238025-238031, 238046-238071, 238073-238109, 238112-238167, 238174-238215, 238229-238243, 238273-238283, 238287-238313, 238330-238370, 238374-238393, 238411-238461, 238465-238471, 238493-238531, 238535-238540, 238542-238546, 238560-238568, 238579-238594, 238596-238600, 238607-238632, 238641-238647, 238655-238675, 238680-238694, 238725-238743, 238747-238754, 238757-238784, 238786-238811, 238814-238851, 238853-238872, 238874-238877, 238882-238975, 238979-239152, 239185-239222, 239228-239312, 239315-239327, 239334-239356, 239358-239361, 239398-239411, 239432-239614, 240721-241151, 241467-241663, 241936-242175, 242942, 243005-243198, 260233-260640, 260643-260654, 260656-260657, 260680, 260730-260732, 260734-261118, 261120-261136, 261149-261183, 261188-261491, 261628-261630, 261632-261655, 261663-261667, 261669-261670, 261673, 261677, 261683, 261686-261687, 261689, 261692, 261759-261761, 261771, 262142-262143
  Free inodes: 57345-65536
Group 8: (Blocks 262144-294911) csum 0xf06c [INODE_UNINIT, ITABLE_ZEROED]
  Block bitmap at 1041 (bg #0 + 1041), csum 0x6946eca3
  Inode bitmap at 1057 (bg #0 + 1057), csum 0x00000000
  Inode table at 5161-5672 (bg #0 + 5161)
  2506 free blocks, 8192 free inodes, 0 directories, 8192 unused inodes
  Free blocks: 264195-264200, 264497-264511, 264806-264807, 264893-264904, 265277-265343, 265369-265381, 265436-265727, 265764-265774, 265833-265839, 278523-278527, 290816-290989, 291032-291039, 291058-291066, 291068-291110, 291131-291211, 291328-291519, 291559-291629, 291631-291891, 291893-291894, 291900-291901, 291905, 291907, 291911-291913, 291915, 291923-291924, 291927, 291931, 291949-291950, 291953, 291956, 292117-292119, 292121, 292148-292161, 292186-292283, 292287-292861, 292864-292987, 292989-293375, 294206-294217, 294237-294241
  Free inodes: 65537-73728
Group 9: (Blocks 294912-327679) csum 0x3072 [INODE_UNINIT, ITABLE_ZEROED]
  Backup superblock at 294912, Group descriptors at 294913-294920
  Reserved GDT blocks at 294921-295944
  Block bitmap at 1042 (bg #0 + 1042), csum 0xfa13a96b
  Inode bitmap at 1058 (bg #0 + 1058), csum 0x00000000
  Inode table at 5673-6184 (bg #0 + 5673)
  12496 free blocks, 8192 free inodes, 0 directories, 8192 unused inodes
  Free blocks: 295945-295967, 295994-295999, 296058-296063, 296151-296159, 296179-296191, 296351, 296372-296383, 296428-296447, 296534-296540, 296542-296543, 296563-296575, 296671, 296692-296703, 296726-296743, 296758-296767, 296786-296799, 296824-296831, 296930-296959, 301318-302591, 302599-302609, 302616, 302625-302637, 302645, 302656-302663, 302671-302687, 302690-302692, 302707-302714, 302719-302726, 302734-302735, 302739, 302741-302745, 302765-302767, 302800-302803, 302822-302831, 302861-302871, 302873-302887, 302895-302902, 302909-302917, 302928, 302939-302947, 302977-302991, 302996-303011, 303055-303068, 303079-303089, 303096-303101, 303104-309247, 311667-311679, 311769-311775, 311793-311807, 311949-311967, 311993-311999, 312044-312063, 312229-312255, 312299-312319, 312968, 312972-312973, 312976, 312978-312981, 312983-312984, 312990, 312992-312994, 312996-312998, 313002, 313004-313051, 313053, 313059-313063, 313344-315391, 315866-315871, 315902-315903, 315971-316031, 316071-316095, 316139-316159, 316211-316223, 316268-316287, 316355-316415, 316828-316831, 316851-316863, 316921-316927, 316948-316949, 316953, 316955, 317011-317023, 317045-317055, 317131-317151, 317178-317183, 317260-317279, 317306-317311, 317365-317375, 317394-317434, 317440-319487
  Free inodes: 73729-81920
Group 10: (Blocks 327680-360447) csum 0x3d33 [INODE_UNINIT, ITABLE_ZEROED]
  Block bitmap at 1043 (bg #0 + 1043), csum 0x082134ee
  Inode bitmap at 1059 (bg #0 + 1059), csum 0x00000000
  Inode table at 6185-6696 (bg #0 + 6185)
  6908 free blocks, 8192 free inodes, 0 directories, 8192 unused inodes
  Free blocks: 329762-329791, 329825-329855, 329886-329887, 329911-329983, 330136-330143, 330163-330175, 330195-330207, 330230-330239, 330386-330399, 330418-330431, 330465-330495, 330648-330655, 330673-330687, 330707-330719, 330740-330751, 330796-330815, 330872-330879, 330906-331438, 331456-331743, 331766-331775, 344940-345087, 345154-345161, 345163-346093, 346111-346120, 346154-346155, 346224-346225, 346321-346372, 346542-346544, 346568-346574, 346623-346632, 346682-346693, 346946-346957, 346964-347001, 347008-347052, 347103-347114, 347135, 347230-347235, 347258-347270, 347332-347347, 347355-347363, 347403-347407, 347434-347440, 347521-347533, 347714-347747, 347847-347855, 347869-347878, 347887-347899, 347907-347922, 347962-347973, 347987-348001, 348036-348073, 348153-348155, 348159, 348173-348181, 348188-348193, 348205-348218, 348382-348383, 348388-348413, 348417-348450, 348461-348465, 348468-348474, 348491-348512, 348514-348528, 348531-348537, 348543-348549, 348551-348572, 348582-348584, 348590-348606, 348611-348615, 348628-348633, 348636-348647, 348649-348678, 348681-348695, 348700-348703, 348705-348711, 348713-348716, 348718-348724, 348734-348750, 348753-348791, 348793-348803, 348806-348831, 348833-348838, 348847-348848, 348854-348855, 348865-348877, 348882-348892, 348896-348902, 348904-348915, 348917-348928, 348931-348933, 348935-348939, 348944-348950, 348955-348967, 348971-348996, 348998-349004, 349013-349021, 349024-349036, 349040-349052, 349184-349343, 349369-349695, 352256-352278, 352280-352304, 352307-352309, 352311-352316, 352321-352326, 352337-352354, 352362-352366, 352373-352375, 352395-352397, 352400-352434, 352446-352463, 352479-352486, 352508-352510, 352540-352543, 352554-352596, 352612-352630, 352637-352648, 352665-352703, 352707-352743, 352749-352761, 353150-353274, 353276-353279, 353313-353328, 353359-353371, 353385-353408, 353411-353418, 353429-353445, 353472-353486, 353490-353502, 353506-353518, 353530-353538, 353541-353556, 353560-353579, 353582-353584, 353590-353597, 353610-353615, 353641-353654, 353656-353658, 353661-353683, 353685-353689, 353692-353696, 353698-353791, 354372-354399, 354431, 354486-354495, 354539-354559, 354595-354623, 354665-354783, 354805-355103, 355135, 355188-355199, 355242-355263, 355305-355487, 355505-355807, 355837-356223, 356263-356287, 356321-356351, 356478-356479, 356499-356511, 356532-356543, 356562-356575, 356607, 356693-356735, 356828-356831, 356854-356863, 356929, 356933-356934, 356939, 356941-356943, 356953, 356955-356956, 356960, 356977-357001, 357006-357015, 357111, 357167, 357169-357171, 357176-357178, 357420-357439, 357500-357503, 357549-357567, 357595-357631, 357679-357695, 357731-357759, 357805-357823, 357853-357887, 358546-358559, 358577-358591, 358653-358655, 358808-358815, 358845-358847, 358885-358911, 359058-359071, 359095-359103, 359134-359135, 359154-359423, 359459-359487, 359523-359551, 359592-359615, 359633-359807, 359889-359903, 359932-359935
  Free inodes: 81921-90112
Group 11: (Blocks 360448-393215) csum 0xb97f [INODE_UNINIT, ITABLE_ZEROED]
  Block bitmap at 1044 (bg #0 + 1044), csum 0x05338b84
  Inode bitmap at 1060 (bg #0 + 1060), csum 0x00000000
  Inode table at 6697-7208 (bg #0 + 6697)
  6202 free blocks, 8192 free inodes, 0 directories, 8192 unused inodes
  Free blocks: 360926-360927, 360946-360959, 361155-361183, 361208-361215, 361236-361247, 361270-361279, 361319-361343, 361362-361375, 361395-361407, 361429-361439, 361463-361471, 361777-361791, 361810-361823, 361844-361855, 361873-361887, 361905-361919, 361947-361951, 361975-361983, 362113-362143, 362166-362175, 362211-362239, 362365-362367, 362389-362399, 362424-362431, 362469-362495, 364029-364031, 364527-364543, 364815-364831, 364849-364863, 364908-364927, 364993-365023, 365047-365055, 365145-365151, 365170-365183, 365220-365247, 365268-365279, 365307-365311, 365463-365471, 365492-365503, 365541-365567, 365609-365631, 365652-365663, 365686-365695, 365729-365759, 365804-365823, 365853-365855, 365923-365951, 366036-366047, 366069-366079, 366132-366143, 366179-366207, 366230-366239, 366263-366271, 366316-366335, 366433-366463, 366530-366559, 366579-366591, 366997-367007, 367026-367039, 367091-367103, 367194-367199, 367224-367231, 367270-367359, 367438-367487, 367564-367615, 367761-367871, 368124-368127, 368205-368383, 368520-368639, 368724-368735, 368766-368767, 368866-368895, 368916-368927, 368948-368959, 368985-368991, 369017-369023, 369067-369087, 369126-369151, 369190-369215, 369403-369407, 369443-369471, 369496-369503, 369526-369535, 369577-369599, 369639-369663, 369670-369672, 369679-369695, 369721-369727, 369778-369791, 369880-369887, 369910-369919, 370142-370143, 372223, 372290-372319, 372343-372351, 372391-372415, 372475-372479, 372499-372511, 372535-372543, 372583-372607, 372667-372671, 372698-372703, 372721-372735, 372762-372767, 372794-372799, 372817-372831, 372853-372863, 372885-372895, 372927, 372947-372959, 372981-372991, 373033-373055, 373086-373087, 373111-373119, 373186-373215, 373237-373247, 373346-373375, 373421-373439, 373468-373471, 373502-373503, 373577-373599, 373618-373631, 373741-373759, 373801-373823, 373872-373887, 373960-373983, 374008-374015, 374065-374079, 374132-374143, 374227-374239, 374261-374271, 374399, 374430-374431, 374451-374463, 374486-374495, 374550-374559, 374579-374591, 374625-374655, 374674-374687, 374718-374719, 374764-374783, 374806-374815, 374836-374847, 374881-374911, 374945-374975, 375025-375039, 375068-375071, 375094-375103, 375146-375167, 375202-375231, 375252-375263, 375284-375295, 375329-375359, 375410-375423, 375454-375455, 375485-375487, 375551, 375661-375679, 375765-375775, 375799-375807, 375976-375999, 376054-376063, 376187-376191, 376245-376255, 376304-376319, 376431-376447, 376529-376543, 376561-376575, 376767, 376796-376799, 376823-376831, 377124-377151, 377193-377215, 377338-377343, 377378-377407, 377430-377439, 377460-377471, 377508-377535, 377555-377567, 377585-377599, 377617-377631, 377649-377663, 377685-377695, 377724-377727, 377746-377759, 377778-377791, 377833-377855, 377886-377887, 377919, 377938-377951, 377975-377983, 378038-378047, 378069-378079, 378108-378111, 378159-378175, 378215-378239, 378282-378303, 378322-378335, 378362-378367, 378721-378751, 378810-378815, 378846-378847, 378865-378879, 378930-378943, 378980-379007, 379056-379071, 379125-379135, 379299-379327, 379369-379391, 379726-379743, 379766-379775, 379795-379807, 379832-379839, 379888-379903, 380473-380479, 380497-380511, 380530-380543, 380593-380607, 380631-380639, 380658-380671, 380726-380735, 380899-380927, 381429-381439, 381641-381663, 381685-381695, 381835-381855, 381873-381887, 381935-381951, 382223-382239, 382260-382271, 382310-382335, 382402-382431, 382458-382463, 382744-382746, 382748, 382752-382753, 382756, 382758, 382767-382769, 382771, 382780-382782, 382784, 382788-382789, 382792, 382794, 382809-382811, 382813, 382819-382821, 382823, 382827-382828, 382831, 382833, 382838-382840, 382842, 382848-382850, 382852, 382856-382857, 382860, 382862, 382871-382872, 382875, 382877, 382882-382884, 382886, 382896-382898, 382900, 382910-382911, 382914, 382916, 382925-382927, 382929, 382936-382937, 382940, 382942, 382947-382949, 382951, 383477-383487, 383989-383999, 384501-384511, 385013-385339, 385341, 385343-385344, 385354, 385356-385358, 385364, 385366-385367, 385520-385522, 385524-385526, 385699-385727, 385777-385791, 385816-385823, 385843-385855, 385890-385919, 385979-385983, 386005-386015, 386035-386047, 386109-386111, 386170-386175, 386243-386271, 386291-386303, 386439-386463, 386483-386495, 386520-386527, 386546-386559, 386629-386655, 386674-386687, 386765-386783, 386807-386815, 386836-386847, 386868-386879, 386939-386943, 386968-386975, 386993-387007, 387029-387039, 387071, 387107-387135, 387175-387199, 387218-387231, 387256-387263, 387299-387327, 387352-387359, 387385-387391, 387447-387455, 387475-387487, 387516-387519, 387539-387551, 387610-387615, 387638-387647, 387666-387679, 387701-387711, 387732-387743, 387769-387775, 387829-387839, 387882-387903, 387954-387967, 388025-388031, 388049-388063, 388086-388095, 388117-388127, 388154-388159, 388188-388191, 388216-388223, 388242-388255, 388273-388287, 388306-388319, 388341-388351, 388387-388415, 388469-388479, 388509-388511, 388530-388543, 388565-388575, 388678-388703, 388731-388735, 388806-388831, 388852-388863, 388895, 388916-388927, 388974-388991, 389027-389055, 389073-389087, 389118-389119, 389171-389183, 389225-389247, 389325-389343, 389372-389375, 389478-389503, 389674-389695, 389742-389759, 389832-389855, 389883-389887, 389918-389919, 389940-389951, 389982-389983, 390011-390015, 390069-390079, 390119-390143, 390161-390175, 390205-390207, 390252-390271, 390295-390303, 390321-390335, 390371-390399, 390419-390431, 390453-390463, 390520-390527, 390565-390591, 390612-390623, 390642-390655, 390767-390783, 390854-390879, 390907-390911, 390945-390975, 391101-391103, 391129-391135, 391153-391167, 391325-391327, 391346-391359, 391407-391423, 391603-391615, 391642-391647, 391666-391679, 391887-391903, 391928-391935, 391960-391967, 391994-391999, 392035-392063, 392110-392127, 392174-392216, 392222-392223, 392254-392255, 392291-392319, 392392-392415, 392442-392447, 392647-392671, 392689-392703, 392764-392767, 392804-392831, 392873-392895, 392917-392927, 392952-392959, 393006-393023, 393061-393087, 393158-393183, 393201-393215
  Free inodes: 90113-98304
Group 12: (Blocks 393216-425983) csum 0xf864 [INODE_UNINIT, ITABLE_ZEROED]
  Block bitmap at 1045 (bg #0 + 1045), csum 0xd5414a6e
  Inode bitmap at 1061 (bg #0 + 1061), csum 0x00000000
  Inode table at 7209-7720 (bg #0 + 7209)
  5023 free blocks, 8192 free inodes, 0 directories, 8192 unused inodes
  Free blocks: 393218-393235, 393238-393244, 393254-393261, 393270-393279, 393282-393283, 393285-393293, 393298-393328, 393336-393341, 393344-393353, 393359-393396, 393460-393468, 393509-393517, 393521-393526, 393529, 393532-393540, 393793-393855, 393894-393919, 393964-393983, 394073-394111, 394175, 394193-394207, 394226-394239, 394822-394847, 394870-394879, 394992-395007, 395075-395103, 395124-395135, 395154-395167, 395198-395199, 396590-396607, 396668-396671, 396744-396767, 396798-396799, 396811-396831, 396854-396863, 396921-396927, 397014-397023, 397042-397055, 397262-397279, 397297-397311, 397382-397407, 397431-397439, 397551-397567, 397641-397663, 397681-397695, 397713-397727, 397748-397759, 397815-397823, 398540-398559, 398578-398591, 398668-398687, 398709-398719, 398755-398783, 398810-398815, 398842-398847, 398975, 399013-399039, 399088-399103, 399337-399359, 399527-399551, 399588-399615, 399697-399711, 399742-399743, 399841-399871, 400409-400415, 400437-400447, 400486-400511, 400586-400607, 400630-400639, 400812-400831, 400882-400895, 401273-401279, 401298-401311, 401335-401343, 401387-401407, 401823, 401842-401855, 401900-401919, 402059-402079, 402108-402111, 402159-402175, 402331-402335, 402358-402367, 402405-402431, 403589-403615, 403635-403647, 403700-403711, 403747-403775, 403800-403807, 403830-403839, 403886-403903, 403963-403967, 404294-404319, 404337-404351, 404386-404415, 404460-404479, 404648-404671, 404695-404703, 404728-404735, 404767, 404796-404799, 404833-404863, 404890-404895, 404920-404927, 404968-404991, 405854-405855, 405882-405887, 405907-405919, 405943-405951, 405974-405983, 406007-406015, 406564-406655, 406683-406687, 406707-406719, 406742-406751, 406772-406783, 406979-407007, 407039, 407077-407081, 407088-407110, 407140-407149, 407224-407226, 407228-407245, 407249-407256, 407267-407269, 407274-407276, 407284-407289, 407291-407302, 407305-407316, 407322-407328, 407331-407348, 407353-407360, 407371-407374, 407380-407382, 407388-407397, 407413-407423, 407425-407426, 407431-407444, 407453-407460, 407471, 407474, 407480-407491, 407503-407507, 407510-407516, 407531-407551, 408053-408063, 408565-408575, 409077-409087, 409589-409599, 410101-410111, 410407-410495, 410514-410527, 410549-410559, 410599-410623, 411125-411135, 411637-411647, 412149-412159, 412661-412671, 413173-413183, 413685-413695, 413893-413919, 413947-413951, 413985-414015, 414035-414047, 414068-414079, 414119-414143, 414191-414207, 414604-414623, 414641-414655, 414705-414719, 415011-415039, 415076-415103, 415182-415199, 415220-415231, 415982-415999, 416236-416255, 416453-416479, 416504-416703, 416767, 416798-416802, 416804-416813, 416819-416824, 416828-416831, 416838-416862, 416867-416879, 416881-416882, 416884-416904, 416906-416925, 416932-416942, 416953-416959, 416962-416990, 416993-416995, 417002, 417004-417011, 417048-417049, 417071-417085, 417089-417099, 417102-417103, 417105-417111, 417113-417114, 417120, 417135-417141, 417150-417154, 417157-417164, 417228-417232, 417240-417243, 417277-417279, 417299, 417368-417380, 417383-417393, 417423-417427, 417464-417470, 417472-417478, 417480-417482, 417487-417495, 417498-417522, 417532-417540, 417550-417564, 417567-417589, 417591-417605, 417617-417631, 417654-417675, 417679-417682, 417690-417695, 417768, 417775-417776, 417779-417791, 418117-418143, 418163-418175, 418260-418271, 418293-418303, 418950-418975, 418997-419007, 419053-419071, 419221-419231, 419263, 419316-419327, 419549-419551, 419581-419583, 419602-419615, 419635-419647, 419667-419679, 419705-419711, 419774-419775, 419797-419807, 419829-419839, 419861-419871, 419894-419903, 419926-419935, 419960-419967, 419991-419999, 420024-420031, 420056-420063, 420088-420095, 420121-420127, 420151-420159, 420199-420223, 420306-420319, 420338-420351, 420435-420447, 420468-420479, 420600-420607, 420632-420639, 420669-420671, 420700-420703, 420729-420735, 420818-420831, 420853-420863, 421007-421023, 421042-421055, 421075-421087, 421107-421119, 421311, 421354-421375, 421446-421471, 421491-421503, 421577-421599, 421622-421631, 421804-421823, 421851-421855, 421876-421887, 422175, 422195-422207, 422248-422271, 422292-422303, 422325-422335, 422390-422399, 422425-422431, 422453-422463, 422517-422527, 422635-422655, 422698-422719, 422759-422783, 422858-422879, 422903-422911, 424185-424191, 424283-424287, 424309-424447, 424612-424639, 424700-424982, 424990-424997, 425023-425024, 425029-425032, 425048-425050, 425055-425065, 425092-425107, 425124-425125, 425127-425139, 425144-425155, 425160-425164, 425194-425197, 425201-425214, 425232-425239, 425243-425247, 425260-425261, 425268-425281, 425292-425302, 425304-425307, 425312-425316, 425328-425331, 425342-425343, 425354-425363, 425366-425369, 425381, 425392-425396, 425401-425403, 425413-425424, 425428-425439, 425441-425455, 425457-425470, 425474-425482, 425489-425492, 425497-425503, 425506-425507, 425515-425516, 425521-425524, 425547-425561, 425573-425578, 425580, 425586-425588, 425593-425597, 425600-425601, 425611-425615, 425632-425637, 425649-425665, 425669-425673, 425675-425678, 425681-425686, 425692-425693, 425697-425705, 425712-425716, 425739-425742, 425746-425760, 425778-425785, 425798-425810, 425812-425817, 425841-425845, 425853-425854, 425908, 425910-425932, 425934-425935, 425964-425966, 425968-425978, 425980-425981
  Free inodes: 98305-106496
Group 13: (Blocks 425984-458751) csum 0xd7f9 [INODE_UNINIT, ITABLE_ZEROED]
  Block bitmap at 1046 (bg #0 + 1046), csum 0xa731bb91
  Inode bitmap at 1062 (bg #0 + 1062), csum 0x00000000
  Inode table at 7721-8232 (bg #0 + 7721)
  5225 free blocks, 8192 free inodes, 0 directories, 8192 unused inodes
  Free blocks: 426496-426943, 426998-427007, 431850-431871, 432002-432031, 432051-432063, 432918-432927, 432946-432959, 433001-433023, 433106-433119, 433142-433151, 433282-433311, 433330-433343, 433377-433407, 433521-433535, 433618-433631, 433655-433663, 433852-433855, 433904-433919, 433956-433983, 434014-434015, 434047, 434086-434111, 434151-434175, 434252-434271, 434302-434303, 434322-434335, 434361-434367, 434405-434431, 434493-434495, 434548-434559, 434653-434655, 434673-434687, 434725-434751, 434769-434783, 434808-434815, 434857-434879, 434900-434911, 434929-434943, 434968-434975, 434995-435007, 435025-435039, 435069-435071, 435115-435135, 435163-435199, 437248-437503, 437583-437599, 437631, 437714-437727, 437749-437759, 437938-437946, 437962-437972, 438239-438253, 438311-438313, 438462-438463, 438784-438911, 438996-439007, 439028-439423, 439511-439519, 439538-439807, 440832-440959, 441053-441055, 441075-441087, 441254-441279, 441339-441471, 441513-441535, 441557-441599, 441773-441791, 441843-442239, 442307-442335, 442360-442367, 442880-443103, 443131-443135, 443293-443295, 443388-443391, 443963-443967, 444013-444031, 444138-444159, 444345-444351, 444388-444415, 445928-445951, 449308-449311, 449329-449343, 449373-449375, 449395-449407, 449518-449535, 450086-450559, 452927, 452970-452991, 453058-453087, 453478-453503, 453570-453599, 453625-453631, 454034-454047, 454068-454079, 454129-454143, 454247-454271, 454337-454367, 454386-454399, 454465-454495, 454518-454527, 454594-454623, 454645-454655, 454722-454751, 454771-454783, 454849-454879, 454901-454911, 454964-454975, 455033-455039, 455105-455135, 455162-455167, 455329-455359, 455420-455423, 455530-455679, 456265-456287, 456316-456319, 456424-456447, 456581-456607, 456629-456639, 456690-456703, 456841-456863, 456886-456895, 456939-456959, 457025-457055, 457084-457087, 457155-457183, 457209-457215, 457282-457311, 457329-457343, 457411-457439, 457459-457471, 457538-457567, 457585-457727, 458305-458335, 458366-458367, 458433-458463, 458490-458495, 458562-458591, 458619-458623, 458690-458719, 458738-458751
  Free inodes: 106497-114688
Group 14: (Blocks 458752-491519) csum 0x3f04 [INODE_UNINIT, ITABLE_ZEROED]
  Block bitmap at 1047 (bg #0 + 1047), csum 0x7c4da00d
  Inode bitmap at 1063 (bg #0 + 1063), csum 0x00000000
  Inode table at 8233-8744 (bg #0 + 8233)
  5600 free blocks, 8192 free inodes, 0 directories, 8192 unused inodes
  Free blocks: 458753-459263, 459426, 459436-459437, 459440, 459453-459456, 459809-459839, 459887-459903, 460004-460031, 460102-460127, 460158-460159, 460212-460223, 460275-460287, 460359-460383, 460401-460415, 460460-460479, 460513-460543, 460609-460639, 460661-460671, 460738-460767, 460871-460895, 460985-460991, 461031-461055, 461127-461151, 461177-461183, 461249-461279, 461305-461311, 461353-461375, 461433-461439, 461506-461535, 461561-461567, 461634-461663, 461689-461695, 461794-461823, 461965-461983, 462056-462175, 462204-462303, 462321-462463, 462529-462591, 462658-462719, 462785-462847, 464906-464918, 464920-464932, 464966-464974, 465000-465005, 465020-465045, 465271-465281, 465353-465357, 465454-465458, 465543-465556, 465628-465634, 465729-465739, 465810-465814, 465836-465841, 465918-465919, 465989, 465992-466003, 466057-466070, 466271-466285, 466347-466351, 466577-466589, 466643-466646, 466919-466927, 467001-467007, 467065-467071, 467129-467135, 467176-467199, 467265-467327, 467393-467455, 467522-467583, 467650-467711, 467777-467839, 467906-467967, 468001-468031, 468079-468095, 468196-468223, 468294-468351, 468404-468415, 468467-468479, 468545-468607, 468674-468735, 468810-468863, 468908-468927, 468963-468991, 470016-470143, 470210-470271, 470338-470399, 470465-470527, 470599-470655, 470702-470719, 470753-470783, 470849-470911, 470978-471039, 471108, 471252-471253, 471261-471268, 471288-471296, 471339-471347, 471354-471356, 471400-471406, 471444-471460, 471498-471505, 471551, 471748-471753, 471979-471991, 472055-472056, 472063, 472172-472176, 472201-472211, 472228-472240, 472242-472253, 472364-472379, 472482-472489, 472759-472760, 472763-472769, 472773-472793, 472833-472844, 475201-475263, 475337-475391, 475585-475647, 475714-475775, 475829-475839, 475892-475903, 476005-476031, 476098-476159, 476226-476255, 476280-476287, 476387-476415, 476472-476511, 476531-476543, 476601-476607, 476630-476639, 476667-476671, 476743-476799, 476857-476863, 476904-476927, 476999-477055, 477121-477183, 477230-477247, 477289-477311, 477410-477439, 477505-477567, 477633-477695, 477762-477823, 477890-477951, 478017-478079, 478145-478207, 478252-478271, 478316-478335, 478401-478463, 478529-478591, 478625-478655, 478704-478719, 478771-478783, 478837-478847, 478872-478879, 478902-478911, 478930-478943, 478961-478975, 479107-479135, 479155-479167, 479228-479231, 479297-479359, 479426-479487, 479553-479615, 479676-479679, 479711, 479739-479743, 480245-480255, 480757-480767, 481269-481279, 481781-481791, 482293-482303, 482805-482815, 483317-483327, 483829-483839, 484341-484351, 484594-484607, 484631-484639, 484661-484671, 484709-484735, 484753-484767, 484786-484799, 484843-484863, 485365-485375, 485877-485887, 485922-485951, 485969-485983, 486003-486015, 486081-486143, 486210-486271, 486337-486399, 486405-486407, 486417, 486420, 486440-486441, 486445, 486447, 486456-486457, 486461, 486463, 486483-486484, 486488, 486490, 486503-486504, 486507, 486509, 486513-486514, 486516-486518, 486520, 486607-486608, 486618, 486620, 486627-486628, 486634, 486636, 486642-486643, 486647, 486649, 486665-486667, 486670, 486829-486831, 486833
  Free inodes: 114689-122880
Group 15: (Blocks 491520-524287) csum 0xfc38 [INODE_UNINIT, ITABLE_ZEROED]
  Block bitmap at 1048 (bg #0 + 1048), csum 0xd6ec1831
  Inode bitmap at 1064 (bg #0 + 1064), csum 0x00000000
  Inode table at 8745-9256 (bg #0 + 8745)
  5493 free blocks, 8192 free inodes, 0 directories, 8192 unused inodes
  Free blocks: 492098-492127, 492155-492159, 492226-492255, 492386-492415, 492449-492479, 492502-492511, 493013-493023, 493042-493055, 493128-493151, 493178-493197, 493563-493567, 495765-495775, 495806-495807, 495852-495871, 495977-495999, 496045-496063, 496114-496127, 496193-496255, 496317-496319, 496337-496383, 496449-496511, 496577-496639, 497020, 497027-497029, 497031-497033, 497049, 497051-497151, 497217-497279, 497321-497375, 497401-497407, 497473-497535, 497634-497663, 497836-497919, 498084-498175, 498477-498687, 499775-500225, 500250, 500252-500253, 500273-500274, 500278, 500280, 500305-500306, 500311, 500313, 500324-500325, 500329, 500333, 500352-500386, 500394-500404, 500408-500481, 500511, 500513-500514, 500584-500585, 500589, 500591, 500606-500608, 500614, 500736-500763, 500771-500772, 500796-500797, 500799, 500801, 500807-500808, 500811, 500813-500814, 500816-500817, 500820, 500822, 500824-500826, 500831, 501155-501157, 501159, 501493-501759, 501781-501784, 501796-501811, 501841-501843, 501983-501984, 502344-502358, 502372-502381, 502484-502489, 502545-502558, 502565-502573, 502589-502607, 502733-502742, 503012-503018, 503041-503055, 503452-503456, 503721-503724, 503752-503769, 504118-504124, 505149-505158, 505344-505370, 505391-505392, 505401-505407, 505409, 505412-505442, 505620-505627, 505630-505631, 505635-505639, 505645-505650, 505664-505675, 505682-505684, 505688-505690, 505695-505708, 505770-505771, 505792-505800, 505826-505838, 505843-505853, 505856-505861, 505863-505869, 505872-505873, 505876, 505878, 505880-505881, 505887-505889, 505892-505897, 505905, 505907, 505912, 505934, 506041, 506045-506047, 506053, 506056-506058, 506433-506495, 506561-506623, 506711-506719, 506745-506751, 506773-506815, 506861-506879, 506988-507007, 507058-507071, 507089-507135, 507227-507231, 507260-507263, 507281-507327, 507361-507391, 507939-507967, 507988-508031, 508097-508159, 508226-508287, 508354-508435, 508437-508491, 508502-508543, 508604-508663, 508666-508671, 508737-508799, 508866-508950, 508952-509008, 509010-509055, 509121-509183, 509321-509375, 509430-509439, 509441-509454, 509456-509553, 509556-509557, 511003-511007, 511029-511039, 511094-511103, 511189-511199, 511223-511231, 511405-511423, 511457-511487, 511676-511679, 511713-511743, 511973-511999, 512442-512447, 512483-512511, 512805-512831, 512869-512895, 512998-513023, 513263-513279, 513346-513407, 513498-513535, 513657-513658, 513661, 513663, 513666-513667, 513670, 513672, 513675-513677, 513679, 513685-513687, 513689, 513693-513694, 513697, 513699, 513704-513706, 513708, 513714-513716, 513718, 513722-513723, 513726, 513728, 513731-513733, 513735, 513741-513743, 513745, 513749-513750, 513753, 513755, 513758-513760, 513762, 513772-513774, 513776, 513780-513781, 513784, 513786, 513826-513828, 513830, 513856-513858, 513860, 513864-513866, 513869, 514017-514019, 514023, 514549-514559, 515061-515071, 515573-515583, 516085-516095, 516597-516607, 517175-517183, 517207-517247, 517313-517343, 517372-517375, 517534-517535, 517564-517567, 517622-517631, 518144-518170, 518172-518207, 518260-518286, 518288-518335, 518376-518399, 518404-518463, 518518-518527, 518594-518655, 518722-518783, 518861-518879, 518909-518911, 519083-519167, 520693-520816, 520819, 520821, 520843, 520857-520863, 520895-520964, 520983, 520987, 520991, 521001, 521020, 521049, 521053, 521059-521060, 521063, 522170-522239, 522291-522367, 522465-522495, 522682-522751, 523253-523263, 523765-523775, 524116-524127, 524147-524159, 524230-524287
  Free inodes: 122881-131072
Group 16: (Blocks 524288-557055) csum 0x7d0f [ITABLE_ZEROED]
  Block bitmap at 524288 (+0), csum 0x322ba547
  Inode bitmap at 524304 (+16), csum 0xbf8a4a1f
  Inode table at 524320-524831 (+32)
  21383 free blocks, 0 free inodes, 1740 directories
  Free blocks: 532539-532540, 532946, 532991-534207, 534255-534266, 534342-535039, 535117-535151, 535219-535296, 535417-535423, 535447-535492, 535543-536575, 536596-536599, 537809-537822, 537854-538919, 538975, 538998-539041, 539347, 539349-539391, 539648-540282, 540416-549315, 549376-549456, 549580-549620, 549632-557055
  Free inodes: 
Group 17: (Blocks 557056-589823) csum 0xda6b [ITABLE_ZEROED]
  Block bitmap at 524289 (bg #16 + 1), csum 0xc5ae3ac4
  Inode bitmap at 524305 (bg #16 + 17), csum 0x1667648a
  Inode table at 524832-525343 (bg #16 + 544)
  1666 free blocks, 3002 free inodes, 311 directories, 3001 unused inodes
  Free blocks: 557557-557567, 558454-558463, 558582-558591, 559225-559231, 559315-559327, 559480-559487, 559549-559551, 560117-560127, 560629-560639, 560988-560991, 561011-561023, 561114-561119, 561139-561151, 561493-561503, 561654-561663, 562004-562015, 562157-562175, 562677-562687, 562816-562818, 562820, 562825-562827, 562832, 563132-563134, 563136, 563149-563150, 563153, 563155, 563175-563177, 563179, 563195-563197, 563199, 563474-563487, 563507-563519, 563576-563583, 563649-563679, 563888-563903, 563940-563967, 564112-564127, 564215-564223, 564231-564233, 564235, 564330-564331, 564334, 564338, 564384-564386, 564395, 565248-565255, 565263-565299, 565302-565381, 565384-565388, 565391-565429, 565431-565440, 565443-565455, 565461-565465, 565473-565523, 565526-565529, 565538-565541, 565570-565579, 565591-565608, 565611-565629, 565632-565652, 565656-565692, 565715-565737, 565744-565745, 565747-565759, 565765-565791, 565859-565913, 566773-566783, 566949-566975, 567024-567039, 567105-567135, 567214-567232, 567261-567263, 567356-567359, 567796-567807, 567838-567847, 567860, 567864, 567884, 567888, 567937, 567940-567941, 568821-568831, 568876-568900, 569854-569855, 571539-571551, 571569-571593, 571898-571903, 572088, 572090, 572312-572319, 572339-572351, 572397-572415, 572927, 573949-573951, 574661-574687, 574715-574719, 574891-574911, 574953-574975, 575580-575583, 575657-575743, 575900-575935, 575975-575999, 576806-576831, 576889-576895, 576961-577023, 577525-577535, 578771, 579256-579263, 579300-579327, 579504-579519, 579579-579617, 579629, 579633, 579665, 579669, 579706-579708, 579710, 579712-579713, 580102, 580113-580116, 580124-580125, 580128-580141, 580584, 585047-585087, 585153-585215
  Free inodes: 144453, 144456-147456
Group 18: (Blocks 589824-622591) csum 0xbd33 [INODE_UNINIT, ITABLE_ZEROED]
  Block bitmap at 524290 (bg #16 + 2), csum 0xffcadbda
  Inode bitmap at 524306 (bg #16 + 18), csum 0x00000000
  Inode table at 525344-525855 (bg #16 + 1056)
  1535 free blocks, 8192 free inodes, 0 directories, 8192 unused inodes
  Free blocks: 591668-591679, 591711, 591735-591743, 591831-591839, 591862-591871, 594239, 594274-594303, 594374-594399, 594429-594431, 594526-594527, 594546-594559, 594577-594591, 594668-594687, 594822-594847, 594868-594879, 594923-594943, 595429-595455, 597014-597023, 597054-597055, 597103-597119, 597236-597247, 597424-597439, 597482-597503, 597575-597599, 597621-597631, 597666-597695, 597754-597759, 597840-597855, 597886-597887, 597905-597919, 597944-597951, 598008-598015, 600065-600095, 600169-600191, 600257-600287, 600385-600447, 600513-600575, 605183, 606718-606719, 607703-607704, 607707, 607709, 607718-607720, 607722, 607731-607733, 607735, 607739-607740, 607743, 608214-608216, 608218, 608224-608225, 608228, 608230, 608235-608237, 608239, 608254-608255, 608742-608767, 608954-608955, 608958, 608961, 609068-609069, 609072, 609075, 612882-612895, 612925-612927, 612982-612991, 613116-613119, 613215, 613234-613247, 613308-613311, 613359-613375, 613736-613759, 613806-613823, 613859-613887, 614148-614175, 614203-614207, 614262-614271, 614345-614367, 614390-614399, 616792-616799, 616824-616831, 616937-616959, 617456-617471, 617550-617567, 617598-617599, 617689-617695, 617722-617727, 617765-617791, 617855, 617890-617919, 617954-617983, 618539-618559, 618586-618591, 618609-618623, 618648-618655, 618686-618687, 618722-618751, 618786-618815, 618876-618879, 618982-619007, 619913-619915, 619917, 619923-619925, 619927, 619934-619936, 619938, 619942-619943, 619946, 619948, 619953-619955, 619957, 619961-619962, 619966, 619969, 619979-619981, 619983, 619996-619998, 620000, 620004-620005, 620008, 620010, 620025-620027, 620029, 620183-620287, 620353-620415, 620508-620543, 621045-621055, 621557-621567, 622069-622079, 622581-622591
  Free inodes: 147457-155648
Group 19: (Blocks 622592-655359) csum 0x904b [INODE_UNINIT, ITABLE_ZEROED]
  Block bitmap at 524291 (bg #16 + 3), csum 0xa6373679
  Inode bitmap at 524307 (bg #16 + 19), csum 0x00000000
  Inode table at 525856-526367 (bg #16 + 1568)
  5622 free blocks, 8192 free inodes, 0 directories, 8192 unused inodes
  Free blocks: 625279, 625345-625375, 625406-625407, 625498-625503, 625531-625535, 625602-625631, 625722-625791, 625811-625863, 626195-626210, 626341-626367, 626419-626431, 626497-626559, 626611-626685, 626946-627031, 627034, 627036-627037, 627066-627068, 627070, 627109, 627113-627115, 627117, 627355-627362, 627715-627716, 628207-628223, 630267-630271, 632436-632456, 632583-632589, 632756-632767, 632810-632831, 635927-635986, 635990-636049, 636057-636071, 636074-636155, 636162-636199, 636206-636220, 636223-636241, 636246-636287, 636290-636338, 636348-636408, 636416-636440, 636442-636445, 636447-636450, 636455-636459, 636466-636485, 636487-636498, 636504-636521, 636523-636638, 636641-636647, 636649-636669, 636673-636699, 636701-636735, 636738-636745, 636751-636754, 636759-636781, 636789-636800, 636804-636834, 636837-636870, 636872-636895, 636918-636927, 637098-637109, 637111-637112, 637136-637137, 637139, 637142, 637203-637205, 637207, 637242-637244, 637246, 637258-637260, 637262, 637274-637276, 637278, 637315-637316, 637318-637371, 637373-637374, 637377, 637380, 637415-637434, 637436-637439, 637506-637567, 637666-637695, 637746-637791, 637793, 637821-637823, 637825, 637837-637846, 637849-637950, 638140-638143, 638205-638233, 638375-638407, 638603-638631, 639017-639049, 639216-639243, 639410-639423, 639476-639487, 644400-644415, 644458-644479, 644545-644607, 648443-648446, 648451, 648456-648504, 648506-648532, 648534-648575, 648641-648736, 648738-648743, 648745-648805, 648807, 648813, 648815, 648817-648824, 648827-648880, 648882-648897, 648899-648956, 648963-648996, 648999-649049, 649051-649087, 649180-649215, 649217-649279, 649330-649343, 649410-649471, 649537-649599, 649665-649727, 649769-649813, 649818-649855, 649897-649922, 649924-649983, 650025-650093, 650095-650111, 650173-650194, 650196-650239, 650306-650411, 650413-650431, 650487-650545, 650548-650569, 650571-650586, 650591-650623, 650690-650772, 650774-650863, 650866-650972, 650974-651007, 651074-651135, 651202-651265, 651267-651337, 651340-651347, 651349-651367, 651371-651476, 651478-651565, 651572-651630, 651634-651642, 651647-651677, 651679-651727, 651731-651797, 651800-651903, 651994-652031, 652097-652159, 652235-652325, 652327-652376, 652378-652444, 652448-652589, 652593-652671, 652738-652846, 652849-652927, 652994-653055, 653193-653311, 653699-653706, 653708-653714, 653741, 653867-653868, 654243-654251, 654258-654268, 654458-654472, 654499-654511, 654515-654526, 654530-654535, 654543-654547, 654558-654565, 654675-654679, 654693-654702, 655290-655304
  Free inodes: 155649-163840
Group 20: (Blocks 655360-688127) csum 0x2334 [INODE_UNINIT, ITABLE_ZEROED]
  Block bitmap at 524292 (bg #16 + 4), csum 0x317b1b3e
  Inode bitmap at 524308 (bg #16 + 20), csum 0x00000000
  Inode table at 526368-526879 (bg #16 + 2080)
  6144 free blocks, 8192 free inodes, 0 directories, 8192 unused inodes
  Free blocks: 655861-655871, 655897-655903, 655930-655935, 655996-655999, 656068-656095, 656214-656223, 656241-656319, 656342-656351, 656885-656895, 657397-657407, 657700-657727, 657745-657759, 657781-657791, 657878-657887, 657912-657919, 658421-658431, 658933-658943, 659445-659496, 659556-659624, 659712-659736, 659788-659820, 659851-659979, 659999-660091, 660114-660261, 660281-660319, 660340-660447, 660468-660492, 660518-660524, 660554-660557, 660567-660571, 660602-660604, 660617-660627, 660662-660693, 660749-660758, 660762-660768, 660773-660786, 660788-660801, 660813-660825, 660834-660835, 660858-660873, 660876-660890, 660896-660908, 660914-660929, 660931-660940, 660948-660949, 660956-660965, 660967-660972, 660992-661003, 661019, 661025, 661052-661053, 661061-661069, 661073-661078, 661080-661089, 661095-661096, 661101-661102, 661107-661122, 661125-661133, 661146-661158, 661164-661167, 661170-661174, 661182-661186, 661219-661223, 661243-661245, 661296-661299, 661416-661419, 661462-661477, 661479-661483, 661485-661495, 661497, 661500-661501, 661504-661727, 661749-661759, 661921-661951, 661983, 662005-662015, 662517-662527, 663029-663039, 663541-663560, 663566-663570, 663574-663578, 663584-663614, 663634-663641, 663654-663656, 663658-663662, 663673-663674, 663695-663713, 663724-663727, 663734-663738, 663740-663748, 663752-663754, 663788-663810, 663812-663815, 663834, 663848-663849, 663852-663861, 663871-663872, 663902-663903, 663914-663926, 663946-663952, 663960-663965, 663981-663993, 664005-664008, 664015-664028, 664046-664048, 664058-664060, 664064-664447, 664520-664575, 664581-664583, 664612-664625, 664635-664640, 664643-664651, 664657-664668, 664670-664676, 664680-664686, 664688-664692, 664694-664698, 664701-664704, 664714-664723, 664729-664733, 664740-664771, 664783-664795, 664800-664803, 664808-664811, 664832-664833, 664835-664858, 664861-664881, 664891-664907, 664931-664936, 664951, 664955-664966, 664972, 664974-664976, 664980-664984, 664986-664993, 664998-665008, 665025-665039, 665044, 665051-665053, 665082-665084, 665088-665094, 665101-665118, 665123-665131, 665162-665168, 665191-665198, 665202-665205, 665211, 665216-665222, 665225-665229, 665234-665243, 665248-665261, 665269-665281, 665294-665297, 665301-665318, 665329-665330, 665340-665348, 665354-665356, 665365-665370, 665388-665393, 665395-665413, 665423-665427, 665434-665435, 665482-665483, 665511-665515, 665529-665548, 665551-665553, 665557-665572, 665578-665587, 665592-665598, 665601, 665652-665656, 665661-665670, 665682-665696, 665703-665705, 665707-665718, 665745-665747, 665754-665760, 665764-665778, 665785-665787, 665789-665796, 665800-665812, 665815-665838, 665841-665859, 665873, 665877-665883, 665896-665899, 665901-665912, 665915-665934, 665950-665953, 665973-665984, 666027-666033, 666058-666063, 666110, 666112-666143, 666166-666175, 666209-666239, 666313-666335, 666358-666367, 666578-666591, 666613-666623, 667125-667135, 667637-667647, 668149-668159, 668661-668671, 669173-669183, 669685-669695, 670825-670847, 670883-670911, 670933-670943, 670966-670975, 670998-671007, 671031-671039, 671061-671071, 671096-671103, 671129-671135, 671158-671167, 671189-671199, 671221-671231, 671733-671743, 672245-672255, 672278-672287, 672310-672319, 672342-672351, 672374-672383, 672406-672415, 672439-672447, 672471-672479, 672508-672511, 672537-672543, 672567-672575, 672599-672607, 672629-672639, 672660-672671, 672703, 672727-672735, 672761-672767, 672801-672831, 672855-672863, 672887-672895, 672920-672927, 672949-672959, 672980-672991, 673013-673023, 673044-673055, 673076-673087, 673108-673119, 673140-673151, 673172-673183, 673204-673215, 673236-673247, 673270-673279, 673301-673311, 673334-673343, 673366-673375, 673398-673407, 673432-673439, 673465-673471, 673496-673503, 673528-673535, 673558-673567, 673591-673599, 673625-673631, 673656-673663, 673684-673695, 673717-673727, 673751-673759, 673783-673791, 673813-673823, 673844-673855, 673885-673887, 673914-673919, 673954-673983, 674006-674015, 674043-674047, 674083-674111, 674133-674143, 674164-674175, 674198-674207, 674230-674239, 674260-674271, 674292-674303, 674325-674335, 674356-674367, 674388-674399, 674420-674431, 674455-674463, 674486-674495, 674518-674527, 674550-674559, 674582-674591, 674615-674623, 674647-674655, 674680-674687, 674714-674751, 674785-674815, 674891-674943, 675024-675336, 675344-675358, 675363-675413, 675415-675418, 675426-675433, 675438-675476, 675478-675484, 675489-675548, 675550-675555, 675564-675586, 675589-675631, 675633-675654, 675656-675668, 675671-675681, 675691-675695, 675709-675720, 675723-675727, 675730-675732, 675754-675773, 675775-675806, 675811-675824, 675829-675830, 675832-675836, 675840-675856, 675858-675904, 675929-675952, 675954-675957, 675960-676095, 676161-676223, 676289-676351, 676393-676470, 676472, 676476-676478, 676551-676607, 676688-676735, 676801-676865, 676892-676907, 676912-676927, 676982-676991, 677057-677119, 677185-677247, 677288-677414, 677416-677439, 677480-677503, 677572-677631, 677697-677759, 677825-677887
  Free inodes: 163841-172032
Group 21: (Blocks 688128-720895) csum 0x2329 [INODE_UNINIT, ITABLE_ZEROED]
  Block bitmap at 524293 (bg #16 + 5), csum 0x35e71651
  Inode bitmap at 524309 (bg #16 + 21), csum 0x00000000
  Inode table at 526880-527391 (bg #16 + 2592)
  21000 free blocks, 8192 free inodes, 0 directories, 8192 unused inodes
  Free blocks: 696702-696703, 696767, 696826-696844, 696847-696860, 696862, 696907-696912, 696915-696924, 697188-697359, 697533-697558, 697873-698367, 698761-698860, 698925-700380, 700399-702463, 704008-704077, 704125-704194, 704221-712063, 712180-712575, 712642-720895
  Free inodes: 172033-180224
Group 22: (Blocks 720896-753663) csum 0x05aa [INODE_UNINIT, ITABLE_ZEROED]
  Block bitmap at 524294 (bg #16 + 6), csum 0x2634cdbd
  Inode bitmap at 524310 (bg #16 + 22), csum 0x00000000
  Inode table at 527392-527903 (bg #16 + 3104)
  6451 free blocks, 8192 free inodes, 0 directories, 8192 unused inodes
  Free blocks: 720989-720991, 721015-721023, 721067-721087, 721150-721151, 721218-721247, 721346-721375, 721399-721407, 721473-721503, 721528-721535, 721577-721599, 721757-721759, 721780-721791, 721917-721919, 721986-722015, 722036-722047, 722137-722143, 722165-722175, 722294-722303, 722398-722399, 722425-722431, 722493-722495, 722537-722559, 722625-722655, 722673-722687, 722753-722783, 722806-722815, 722908-722911, 722938-722943, 722962-722983, 723002-723045, 723072-723098, 723164-723295, 723387-723391, 723426-723455, 723521-723551, 723583, 723674-723679, 723703-723711, 723865-723871, 723895-723903, 723945-723967, 724108-724127, 724152-724159, 724201-724223, 724314-724319, 724343-724351, 724442-724447, 724471-724479, 724545-724575, 724599-724607, 724674-724703, 724727-724735, 724802-724831, 724856-724863, 724929-724959, 724984-724991, 725046-725055, 725098-725119, 725185-725215, 725240-725247, 725306-725311, 725356-725375, 725441-725471, 725498-725503, 725570-725599, 725626-725631, 725698-725727, 725754-725759, 725825-725855, 725882-725887, 725938-725951, 725990-726015, 726155-726175, 726200-726207, 726254-726271, 726373-726399, 726497-726527, 726736-726751, 726939-726975, 727035-727039, 727199-727231, 727292-727295, 727386-727423, 727548-727551, 727701-727743, 727805-727807, 727951-727999, 728042-728063, 728129-728191, 728314-728319, 728495-728511, 728551-728575, 728756-728767, 728811-728831, 729004-729023, 729064-729087, 729236-729279, 729323-729343, 729419-729471, 729590-729599, 729830-729855, 730040-730047, 730109-730111, 730263-730303, 730339-730367, 730537-730559, 730594-730623, 730790-730815, 730850-730879, 730993-731007, 731080-731135, 732046-732095, 732138-732159, 732353-732415, 732517-732543, 732624-732671, 733290-733311, 733403-733439, 733681-733695, 734017-734079, 734175-734207, 734841-734847, 734952-734975, 735169-735231, 736114-736127, 736194-736255, 736334-736383, 736450-736511, 736718-736767, 737056-737087, 737130-737151, 737218-737279, 740187-740223, 740308-740351, 741764-741823, 741866-741887, 741932-741951, 741996-742015, 742060-742079, 742122-742143, 742186-742207, 742270-742271, 742351-742399, 743658-743679, 743720-743743, 743784-743807, 743852-743871, 743916-743935, 744015-744063, 744143-744191, 744271-744319, 744399-744447, 745952-745983, 746057-746111, 746187-746239, 746306-746367, 746463-746495, 746593-746623, 746709-746751, 746864-746879, 746979-747007, 747108-747135, 747253-747263, 747319-747327, 747372-747391, 747503-747519, 747659-747711, 747764-747775, 747870-747903, 748021-748031, 748185-748287, 748441-748543, 748680-748799, 748955-749055, 749202-749311, 749468-749567, 749838-749951, 750053-750079, 750354-750463, 750566-750591, 750745-750847, 750950-751103, 751348-751359, 751503-751615, 751759-751871, 752015-752127, 752289-752383, 752516-752639, 752772-752895, 753028-753151, 753284-753407, 753541-753663
  Free inodes: 180225-188416
Group 23: (Blocks 753664-786431) csum 0xc41e [INODE_UNINIT, ITABLE_ZEROED]
  Block bitmap at 524295 (bg #16 + 7), csum 0x086df3e9
  Inode bitmap at 524311 (bg #16 + 23), csum 0x00000000
  Inode table at 527904-528415 (bg #16 + 3616)
  31569 free blocks, 8192 free inodes, 0 directories, 8192 unused inodes
  Free blocks: 754158-754687, 754707-754859, 755111-755199, 755360-755455, 755478-755482, 755570-755586, 755643-755645, 755709-778239, 778269-778282, 778301-786431
  Free inodes: 188417-196608
Group 24: (Blocks 786432-819199) csum 0xfcf6 [INODE_UNINIT, ITABLE_ZEROED]
  Block bitmap at 524296 (bg #16 + 8), csum 0x104fe424
  Inode bitmap at 524312 (bg #16 + 24), csum 0x00000000
  Inode table at 528416-528927 (bg #16 + 4128)
  28836 free blocks, 8192 free inodes, 0 directories, 8192 unused inodes
  Free blocks: 786432-786815, 786887-786890, 786935-787199, 787255-787263, 787314-787327, 787448-787711, 787759-787792, 787839, 787966-788223, 788338-788351, 788392-788394, 788479-788991, 789026-789247, 789355-789375, 789479-791295, 791436-792831, 792977-793855, 794002-794879, 795046-795903, 796083-796927, 797069-797951, 798110-798975, 799123-799999, 800151-801535, 801678-802559, 802697-803583, 803722-804607, 804759-805631, 805853-806655, 806904-807679, 807928-808703, 808937-819199
  Free inodes: 196609-204800
Group 25: (Blocks 819200-851967) csum 0xd308 [INODE_UNINIT, ITABLE_ZEROED]
  Backup superblock at 819200, Group descriptors at 819201-819208
  Reserved GDT blocks at 819209-820232
  Block bitmap at 524297 (bg #16 + 9), csum 0xe5cda965
  Inode bitmap at 524313 (bg #16 + 25), csum 0x00000000
  Inode table at 528928-529439 (bg #16 + 4640)
  31624 free blocks, 8192 free inodes, 0 directories, 8192 unused inodes
  Free blocks: 820344-851967
  Free inodes: 204801-212992
Group 26: (Blocks 851968-884735) csum 0xeffb [INODE_UNINIT, ITABLE_ZEROED]
  Block bitmap at 524298 (bg #16 + 10), csum 0x45f3a3f9
  Inode bitmap at 524314 (bg #16 + 26), csum 0x00000000
  Inode table at 529440-529951 (bg #16 + 5152)
  7803 free blocks, 8192 free inodes, 0 directories, 8192 unused inodes
  Free blocks: 852228-852255, 852276-852287, 852324-852351, 852435-852447, 852475-852479, 852740-852767, 852794-852799, 852845-852863, 852952-852959, 853220-853247, 853502-853503, 853759, 853989-854015, 854273-854303, 854335, 854380-854399, 854471-854495, 854786-854815, 854834-854847, 854893-854911, 854985-855039, 855292-855295, 855347-855359, 855416-855423, 855501-855551, 855837-855839, 855858-855871, 855920-855935, 855987-855999, 856035-856063, 856350-856351, 856371-856383, 856433-856447, 856484-856511, 856549-856575, 856882-856895, 856949-856959, 856998-857023, 857060-857087, 857414-857439, 857459-857471, 857517-857535, 857585-857599, 857975-857983, 858033-858047, 858102-858111, 858190-858239, 858320-858367, 858433-858495, 858563-858623, 858769-858815, 858860-858879, 859023-859071, 859117-859135, 859281-859327, 859377-859391, 859482-859519, 859611-859647, 859739-859775, 859873-859903, 860056-860095, 860145-860159, 860240-860287, 860368-860415, 860500-860543, 860612-860671, 860794-860799, 860854-860863, 860915-860927, 860984-860991, 861047-861055, 861149-861183, 861279-861311, 861392-861439, 861520-861567, 861652-861695, 861764-861823, 861946-861951, 862072-862079, 862124-862143, 862189-862207, 862257-862271, 862321-862335, 862390-862399, 862451-862463, 862499-862527, 862565-862591, 862648-862655, 862710-862719, 862795-862847, 862893-862911, 862960-862975, 863114-863167, 863211-863231, 863281-863295, 863349-863359, 863411-863423, 863461-863487, 863522-863551, 863587-863615, 863718-863743, 863823-863871, 863952-863999, 864084-864127, 864196-864255, 864326-864383, 864657-864703, 864898-864959, 865019-865023, 865166-865215, 865275-865279, 865425-865471, 865532-865535, 865660-865663, 865788-865791, 865935-865983, 866044-866047, 866191-866239, 866301-866303, 866428-866431, 866556-866559, 866684-866687, 866812-866815, 866876-866879, 866939-866943, 867005-867007, 867062-867071, 867244-867263, 867314-867327, 867393-867455, 867571-867583, 867756-867775, 867824-867839, 868012-868031, 868084-868095, 868285-868287, 868335-868351, 868534-868543, 868590-868607, 868790-868799, 868846-868863, 869053-869055, 869093-869119, 869287-869311, 869358-869375, 869565-869631, 869814-869887, 870070-870143, 870333-870399, 870544-870655, 870799-870911, 871065-871167, 871321-871423, 871589-871679, 871845-871935, 872089-872191, 872345-872447, 872613-872703, 872869-872959, 873156-873215, 873412-873471, 873668-873727, 873924-873983, 874180-874239, 874436-874495, 874692-874751, 874948-875007, 875204-875263, 875459-875519, 875716-875775, 875971-876031, 876188-876287, 876457-876543, 876658-876671, 876786-876799, 876883-876927, 877012-877055, 877353-877439, 877523-877567, 878016-878079, 878249-878335, 878508-878591, 878762-878847, 879021-879103, 879253-879359, 879527-879615, 879785-879871, 880097-880127, 880353-880383, 880548-880639, 880803-880895, 881060-881151, 881491-881535, 881619-881663, 881915-881919, 882173-882175, 882429-882431, 882543-882559, 882669-882687, 882854-882943, 883110-883199, 883315-883455, 883621-883711, 883903-883967, 884161-884223, 884481-884735
  Free inodes: 212993-221184
Group 27: (Blocks 884736-917503) csum 0xf98c [INODE_UNINIT, ITABLE_ZEROED]
  Backup superblock at 884736, Group descriptors at 884737-884744
  Reserved GDT blocks at 884745-885768
  Block bitmap at 524299 (bg #16 + 11), csum 0xded1c4e7
  Inode bitmap at 524315 (bg #16 + 27), csum 0x00000000
  Inode table at 529952-530463 (bg #16 + 5664)
  11929 free blocks, 8192 free inodes, 0 directories, 8192 unused inodes
  Free blocks: 885791-886015, 886183-886271, 886587-886783, 886950-887039, 887207-887295, 887476-887551, 887767-887807, 888025-888063, 888312-888319, 888609-888831, 889121-889343, 889515-889599, 889845-889855, 890103-890111, 890364-890367, 890707-890879, 891218-891391, 891731-891903, 892157-892159, 892414-892415, 892843-892927, 893503-893951, 894537-894975, 895494-895999, 896544-897023, 897588-898047, 898646-899071, 899665-900095, 900680-901119, 901563-901631, 902178-902655, 903220-903679, 904276-904703, 905299-905727, 906371-906751, 907406-907775, 908392-908799, 909440-909823, 910445-910847, 911220-911359, 912004-912383, 913038-913407, 914024-914431, 915072-915455, 916081-916479, 916845-916991, 917263-917503
  Free inodes: 221185-229376
Group 28: (Blocks 917504-950271) csum 0xfb34 [INODE_UNINIT, ITABLE_ZEROED]
  Block bitmap at 524300 (bg #16 + 12), csum 0x53ebf1ae
  Inode bitmap at 524316 (bg #16 + 28), csum 0x00000000
  Inode table at 530464-530975 (bg #16 + 6176)
  12306 free blocks, 8192 free inodes, 0 directories, 8192 unused inodes
  Free blocks: 917874-917887, 918013-918015, 918396-918527, 919034-919039, 919419-919551, 919929-920063, 920390-920575, 920905-921087, 921470-921599, 921934-922111, 922447-922623, 922959-923135, 923471-923647, 923992-924159, 924418-924671, 924930-925183, 925465-925695, 925981-926207, 926508-926719, 927025-927231, 927538-927743, 928053-928255, 928568-928767, 929082-929279, 929594-929791, 930107-930303, 930620-930815, 931140-931327, 931599-931839, 932110-932351, 932648-932863, 933163-933375, 933694-933887, 934213-934399, 934726-934911, 935241-935423, 935756-935935, 936270-936447, 936783-936959, 937295-937471, 937807-937983, 938328-938495, 938754-939007, 939266-939519, 939801-940031, 940317-940543, 940844-941055, 941361-941567, 941874-942079, 942389-942591, 942904-943103, 943418-943615, 943930-944127, 944443-944639, 944956-945151, 945476-945663, 945934-946175, 946446-946687, 946984-947199, 947499-947711, 948030-948223, 948549-948735, 949062-949247, 949577-949759, 950089-950271
  Free inodes: 229377-237568
Group 29: (Blocks 950272-983039) csum 0x974e [INODE_UNINIT, ITABLE_ZEROED]
  Block bitmap at 524301 (bg #16 + 13), csum 0xf00f88e8
  Inode bitmap at 524317 (bg #16 + 29), csum 0x00000000
  Inode table at 530976-531487 (bg #16 + 6688)
  10098 free blocks, 8192 free inodes, 0 directories, 8192 unused inodes
  Free blocks: 950622-950623, 950650-950655, 950776-950783, 951163-951167, 951281-951295, 951631-951807, 952284-952319, 952655-952831, 953176-953343, 953657-953663, 953767-953855, 954114-954175, 954219-954367, 954649-954687, 954730-954879, 955165-955391, 955692-955903, 956209-956415, 956722-956927, 957237-957439, 957752-957951, 958266-958463, 958778-958975, 959291-959487, 959804-959999, 960324-960511, 960767, 960978-961023, 961292-961535, 961805-962047, 962343-962559, 962858-963071, 963380-963583, 963900-964095, 964414-964607, 964928-965119, 965440-965631, 965953-966143, 966467-966655, 966981-967167, 967494-967679, 968006-968191, 968527-968703, 969075-969215, 969589-969727, 970103-970239, 970619-970751, 971133-971263, 971646-971775, 972162-972287, 972689-972799, 973208-973311, 973721-973823, 974201-974335, 974715-974847, 975231-975359, 975746-975871, 976260-976383, 976776-976895, 977304-977407, 977826-977919, 978339-978431, 978781-978943, 979293-979455, 979812-979967, 980327-980479, 980838-980991, 981353-981503, 981871-982015, 982387-982527, 982862-983039
  Free inodes: 237569-245760
Group 30: (Blocks 983040-1015807) csum 0xab54 [INODE_UNINIT, ITABLE_ZEROED]
  Block bitmap at 524302 (bg #16 + 14), csum 0xdb327e90
  Inode bitmap at 524318 (bg #16 + 30), csum 0x00000000
  Inode table at 531488-531999 (bg #16 + 7200)
  6257 free blocks, 8192 free inodes, 0 directories, 8192 unused inodes
  Free blocks: 983097-983263, 983291-983294, 983343-983359, 983380-983775, 983802-983806, 983897-983923, 983972-984018, 984046-984116, 984135-984139, 984159, 984190-984191, 984316-984319, 984522-984543, 984564-984575, 984913-984927, 984952-984959, 985086-985087, 985430-985439, 985464-985471, 985584-985599, 985944-985951, 985983, 986078-986079, 986101-986111, 986457-986463, 986488-986495, 986590-986591, 986615-986623, 986971-986975, 987006-987007, 987090-987103, 987133-987135, 987490-987519, 987628-987647, 987994-987999, 988031, 988101-988123, 988152-988159, 988516-988543, 988658-988671, 989029-989055, 989180-989183, 989546-989695, 990059-990207, 990573-990719, 991085-991231, 991599-991743, 992111-992255, 992631-992767, 993158-993183, 993209-993215, 993676-993695, 993727, 993771-993791, 994188-994207, 994231-994239, 994274-994303, 994617-994623, 994654-994655, 994676-994815, 995124-995135, 995188-995327, 995643-995647, 995690-995839, 996153-996159, 996196-996351, 996522-996543, 996577-996607, 996859-996863, 997172-997375, 1002365-1002495, 1002895-1003007, 1003551-1003775, 1003987-1004031, 1004575-1004799, 1005026-1005055, 1005783-1005823, 1006035-1006079, 1006347-1006591, 1006873-1007103, 1007332-1007359, 1007603-1007615, 1007864-1007871, 1008127, 1008383, 1009013-1009151, 1009411-1009663, 1010049-1010175, 1010559-1010687, 1011077-1011199, 1011591-1011711, 1012095-1012223, 1012606-1012735, 1013124-1013247, 1013651-1013759, 1014162-1014271, 1014674-1014783, 1015012-1015039, 1015271-1015295, 1015537-1015551, 1015712-1015807
  Free inodes: 245761-253952
Group 31: (Blocks 1015808-1048575) csum 0x5f0d [INODE_UNINIT, ITABLE_ZEROED]
  Block bitmap at 524303 (bg #16 + 15), csum 0x138764d9
  Inode bitmap at 524319 (bg #16 + 31), csum 0x00000000
  Inode table at 532000-532511 (bg #16 + 7712)
  7849 free blocks, 8192 free inodes, 0 directories, 8192 unused inodes
  Free blocks: 1016218-1016241, 1016282-1016287, 1016377-1016383, 1016401-1016447, 1016501-1016575, 1016908-1017087, 1017137-1017192, 1017212-1017250, 1017297-1017311, 1017653-1017663, 1017727, 1017840-1017855, 1018118-1018143, 1018169-1018175, 1018238-1018239, 1018354-1018367, 1018645-1018655, 1018682-1018751, 1018869-1018879, 1019190-1019263, 1019354-1019359, 1019378-1019391, 1019701-1019775, 1019869-1019871, 1019902-1019903, 1020186-1020191, 1020222-1020287, 1020381-1020415, 1020697-1020799, 1020896-1020927, 1021247-1021311, 1021407-1021439, 1021760-1021951, 1022284-1022463, 1022798-1022975, 1023279-1023487, 1023688-1023743, 1023950-1023999, 1024208-1024255, 1024463-1024511, 1024751-1024767, 1025009-1025023, 1025268-1025279, 1025520-1025535, 1025790-1025791, 1025969-1026047, 1026313-1026559, 1026836-1027071, 1027354-1027583, 1027869-1028095, 1028251-1028351, 1028509-1028607, 1028759-1028863, 1029040-1029119, 1029269-1029375, 1029507-1029631, 1029763-1029887, 1030022-1030143, 1033486-1033727, 1033872-1033983, 1034137-1034239, 1037590-1037823, 1037960-1038079, 1038264-1038335, 1041990-1042175, 1042307-1042431, 1042566-1042687, 1042837-1042943, 1043491-1043967, 1044515-1044991, 1045523-1046015, 1046547-1047039, 1047617-1048063
  Free inodes: 253953-262144
Group 32: (Blocks 1048576-1081343) csum 0xea92 [ITABLE_ZEROED]
  Block bitmap at 1048576 (+0), csum 0xf8b5393d
  Inode bitmap at 1048592 (+16), csum 0x7fcdb590
  Inode table at 1048608-1049119 (+32)
  24363 free blocks, 7881 free inodes, 6 directories, 7869 unused inodes
  Free blocks: 1056802-1056820, 1056994-1060662, 1060669-1081343
  Free inodes: 262147-262148, 262151, 262451-262458, 262467-270336
Group 33: (Blocks 1081344-1114111) csum 0x8eec [INODE_UNINIT, ITABLE_ZEROED]
  Block bitmap at 1048577 (bg #32 + 1), csum 0x5102520e
  Inode bitmap at 1048593 (bg #32 + 17), csum 0x00000000
  Inode table at 1049120-1049631 (bg #32 + 544)
  31742 free blocks, 8192 free inodes, 0 directories, 8192 unused inodes
  Free blocks: 1081344-1082925, 1082991-1082993, 1083135-1083147, 1083218, 1083375-1083391, 1083680-1083682, 1083777-1083786, 1083870-1084439, 1084442-1084450, 1084493-1084516, 1084538-1084646, 1084665-1085452, 1085455-1085599, 1085601-1085701, 1085703-1086123, 1086125-1086511, 1086526-1086586, 1086588-1086768, 1086776-1086987, 1086995-1087035, 1087040-1087070, 1087078-1087254, 1087256-1114111
  Free inodes: 270337-278528
Group 34: (Blocks 1114112-1146879) csum 0x5281 [INODE_UNINIT, ITABLE_ZEROED]
  Block bitmap at 1048578 (bg #32 + 2), csum 0x469a5de4
  Inode bitmap at 1048594 (bg #32 + 18), csum 0x00000000
  Inode table at 1049632-1050143 (bg #32 + 1056)
  9070 free blocks, 8192 free inodes, 0 directories, 8192 unused inodes
  Free blocks: 1114172-1114197, 1114304-1114623, 1114648-1114663, 1114683-1114691, 1114755-1114761, 1114835, 1114877-1114882, 1114887-1114891, 1114929-1114933, 1114970-1114974, 1114979, 1114985, 1114992-1114995, 1115012-1115029, 1115034-1115045, 1115089-1115090, 1115902-1116159, 1116797-1117183, 1117821-1118207, 1118846-1119231, 1119779-1120255, 1120827-1121279, 1122955-1123327, 1124407-1124863, 1126455-1126911, 1127187-1127423, 1128504-1128959, 1129747-1129983, 1130761-1131007, 1131785-1132031, 1132838-1133055, 1133843-1134079, 1134867-1135103, 1135919-1136127, 1136971-1137151, 1137939-1138175, 1138963-1139199, 1139987-1140223, 1140307-1140310, 1140356-1140360, 1140407-1140413, 1140513-1140517, 1140523-1140547, 1140554-1140562, 1140572-1140579, 1140636-1140648, 1140666-1140671, 1140673, 1140677-1140698, 1140700-1140701, 1140704-1140713, 1140718-1140720, 1140723-1140724, 1140734, 1141947-1142272, 1142275, 1142277, 1142279-1142281, 1142359, 1143995-1144319, 1144324-1144325, 1144337-1144341, 1144344-1144348, 1144353-1144356, 1144362, 1144369-1144372, 1144377-1144378, 1144382-1144391, 1144394-1144396, 1144401, 1144404, 1144410-1144411, 1144416-1144419, 1144423-1144425, 1144428-1144432, 1144436-1144437, 1144440-1144441, 1144443-1144448, 1144455-1144460, 1144462, 1144466-1144469, 1144477-1144478, 1144480-1144482, 1144486-1144497, 1144500-1144501, 1144503-1144506, 1144509-1144511, 1144514-1144520, 1144525-1144528, 1144545, 1144551-1144558, 1144561-1144562, 1144568-1144577, 1144582-1144583, 1144588-1144591, 1144595-1144598, 1144602-1144620, 1144625-1144626, 1144628-1144631, 1144654, 1144657-1144668, 1144678-1144679, 1144689-1144692, 1144694-1144697, 1144740-1144742, 1144750, 1144780-1144786, 1144788-1144789, 1144793-1144794, 1144799-1144814, 1144827-1144830, 1146103-1146875, 1146877-1146879
  Free inodes: 278529-286720
Group 35: (Blocks 1146880-1179647) csum 0x7568 [INODE_UNINIT, ITABLE_ZEROED]
  Block bitmap at 1048579 (bg #32 + 3), csum 0x9cd0fded
  Inode bitmap at 1048595 (bg #32 + 19), csum 0x00000000
  Inode table at 1050144-1050655 (bg #32 + 1568)
  31070 free blocks, 8192 free inodes, 0 directories, 8192 unused inodes
  Free blocks: 1147037-1147056, 1147136-1147179, 1147222-1147231, 1147251-1147256, 1147392-1147395, 1147443-1147450, 1147528-1147538, 1147554-1147556, 1147576-1147578, 1147609-1147610, 1147613-1147625, 1147732-1147734, 1147779-1147786, 1147812-1147823, 1147873-1147879, 1147884-1147886, 1147962-1147995, 1148088-1148109, 1148291-1148448, 1148450-1148971, 1148991-1149448, 1149457-1149478, 1149517, 1149952-1179647
  Free inodes: 286721-294912
Group 36: (Blocks 1179648-1212415) csum 0x7055 [INODE_UNINIT, ITABLE_ZEROED]
  Block bitmap at 1048580 (bg #32 + 4), csum 0x366f9171
  Inode bitmap at 1048596 (bg #32 + 20), csum 0x00000000
  Inode table at 1050656-1051167 (bg #32 + 2080)
  31157 free blocks, 8192 free inodes, 0 directories, 8192 unused inodes
  Free blocks: 1179674-1179684, 1179686, 1179819-1179903, 1179928-1179935, 1180053-1180072, 1180141-1180671, 1181150-1181183, 1181949-1212415
  Free inodes: 294913-303104
Group 37: (Blocks 1212416-1245183) csum 0x4f0c [INODE_UNINIT, ITABLE_ZEROED]
  Block bitmap at 1048581 (bg #32 + 5), csum 0x6c05a873
  Inode bitmap at 1048597 (bg #32 + 21), csum 0x00000000
  Inode table at 1051168-1051679 (bg #32 + 2592)
  31282 free blocks, 8192 free inodes, 0 directories, 8192 unused inodes
  Free blocks: 1212416-1212447, 1212465-1212467, 1212469-1212483, 1212485-1212963, 1212965-1212978, 1213458-1213478, 1213491-1213504, 1213521-1213527, 1213561-1213569, 1213573-1213586, 1213588-1213602, 1213604-1213693, 1213695-1213721, 1213732-1213785, 1213791-1213792, 1213797-1213812, 1213815-1213838, 1213841-1213859, 1213861-1213868, 1213915-1213918, 1213923-1213940, 1213945-1213948, 1213951-1213952, 1213954-1214034, 1214036, 1214040-1214042, 1214044, 1214049-1214051, 1214053, 1214059-1214060, 1214113-1214471, 1214473-1214504, 1214506, 1214562, 1214568, 1214571-1214572, 1214574, 1214577, 1214793-1214795, 1214797, 1214835-1214836, 1214838, 1214844, 1214976-1215050, 1215053-1215160, 1215162, 1215164, 1215166-1215167, 1215181, 1215183, 1215187-1215188, 1215194, 1215196, 1215208-1215209, 1215217, 1215221, 1215398-1215400, 1215402, 1215488, 1215490-1215504, 1215506-1215513, 1215515-1215518, 1215520-1245183
  Free inodes: 303105-311296
Group 38: (Blocks 1245184-1277951) csum 0x4240 [INODE_UNINIT, ITABLE_ZEROED]
  Block bitmap at 1048582 (bg #32 + 6), csum 0x068c6bec
  Inode bitmap at 1048598 (bg #32 + 22), csum 0x00000000
  Inode table at 1051680-1052191 (bg #32 + 3104)
  2819 free blocks, 8192 free inodes, 0 directories, 8192 unused inodes
  Free blocks: 1246455-1246463, 1246627-1246655, 1246693-1246719, 1247171-1247199, 1247228-1247231, 1248461-1248479, 1248507-1248511, 1248621-1248639, 1248705-1248735, 1248765-1248767, 1250491-1250495, 1250519-1250527, 1250559, 1250658-1250687, 1250717-1250719, 1250751, 1250796-1250815, 1250965-1251007, 1251068-1251071, 1251311-1251327, 1252539-1252543, 1252577-1252607, 1252660-1252671, 1252733-1252735, 1252753-1252767, 1252785-1252799, 1252817-1252831, 1252849-1252863, 1253080-1253119, 1253350-1253375, 1254615-1254623, 1254649-1254655, 1254705-1254719, 1254748-1254783, 1254886-1254911, 1255394-1255423, 1256690-1256703, 1256920-1256959, 1257456-1257471, 1258683-1258687, 1258751, 1258957-1259007, 1259359-1259519, 1260731-1260735, 1260759-1260767, 1260792-1260799, 1261016-1261055, 1261413-1261567, 1262779-1262783, 1262820-1262847, 1263062-1263103, 1263480-1263615, 1266161-1266175, 1266529-1266687, 1268069-1268223, 1268592-1268735, 1273549-1273599, 1273825-1273855, 1274254-1274367, 1274750-1274879, 1275261-1275391, 1275782-1275903, 1276095-1276159, 1276348-1276415, 1276609-1276671, 1276866-1276927, 1277133-1277183, 1277393-1277439, 1277652-1277695, 1277909-1277951
  Free inodes: 311297-319488
Group 39: (Blocks 1277952-1310719) csum 0xffa4 [INODE_UNINIT, ITABLE_ZEROED]
  Block bitmap at 1048583 (bg #32 + 7), csum 0x911c31d5
  Inode bitmap at 1048599 (bg #32 + 23), csum 0x00000000
  Inode table at 1052192-1052703 (bg #32 + 3616)
  4386 free blocks, 8192 free inodes, 0 directories, 8192 unused inodes
  Free blocks: 1278170-1278175, 1278195-1278207, 1278439-1278463, 1278580-1278591, 1278613-1278623, 1278655, 1278690-1278719, 1278785-1278815, 1278916-1278943, 1278964-1278975, 1279033-1279039, 1279069-1279071, 1279123-1279135, 1279159-1279167, 1279197-1279199, 1279223-1279231, 1279283-1279295, 1279350-1279359, 1279481-1279487, 1279513-1279519, 1279609-1279615, 1279673-1279679, 1279737-1279743, 1279769-1279775, 1279801-1279807, 1279865-1279871, 1279929-1279935, 1279961-1279967, 1279993-1279999, 1280084-1280095, 1280122-1280127, 1280210-1280223, 1280247-1280255, 1280306-1280319, 1280347-1280351, 1280380-1280383, 1280462-1280479, 1280499-1280511, 1280532-1280543, 1280574-1280575, 1280633-1280639, 1280674-1280703, 1280741-1280767, 1280818-1280831, 1280868-1280895, 1280980-1280991, 1281013-1281023, 1281291-1281311, 1281336-1281343, 1281392-1281407, 1281483-1281503, 1281522-1281535, 1281884-1281887, 1281913-1281919, 1282014-1282015, 1282040-1282047, 1282301-1282303, 1282391-1282399, 1282425-1282431, 1282935-1282943, 1283033-1283039, 1283060-1283071, 1283140-1283167, 1283190-1283199, 1283288-1283295, 1283413-1283423, 1283448-1283455, 1283545-1283551, 1283576-1283583, 1283649-1283679, 1283701-1283711, 1283778-1283807, 1283834-1283839, 1283910-1283935, 1283954-1283967, 1284057-1284063, 1284081-1284095, 1284183-1284191, 1284209-1284223, 1284316-1284319, 1284345-1284351, 1284509-1284511, 1284536-1284543, 1284579-1284607, 1284773-1284799, 1284839-1284863, 1285046-1285055, 1285232-1285247, 1285331-1285343, 1285367-1285375, 1285483-1285503, 1285614-1285631, 1285737-1285759, 1285853-1285855, 1285880-1285887, 1285926-1285951, 1285987-1286015, 1286134-1286143, 1286380-1286399, 1286588-1286591, 1286835-1286847, 1286883-1286911, 1287101-1287103, 1287154-1287167, 1287356-1287359, 1287398-1287423, 1287602-1287615, 1287651-1287679, 1287858-1287871, 1287933-1287935, 1288114-1288127, 1288163-1288191, 1288379-1288383, 1288425-1288447, 1288626-1288639, 1288693-1288703, 1288882-1288895, 1288935-1288959, 1289139-1289151, 1289196-1289215, 1289395-1289407, 1289457-1289471, 1289560-1289567, 1289598-1289599, 1289676-1289695, 1289714-1289727, 1289826-1289855, 1289979-1289983, 1290072-1290079, 1290100-1290111, 1290178-1290207, 1290234-1290239, 1291773-1291775, 1291998-1291999, 1292017-1292031, 1292195-1292223, 1292257-1292287, 1292783-1292799, 1293071-1293087, 1293108-1293119, 1293249-1293279, 1293307-1293311, 1293519-1293535, 1293556-1293567, 1293640-1293663, 1293686-1293695, 1293756-1293759, 1293796-1293823, 1294023-1294047, 1294077-1294079, 1294169-1294175, 1294244-1294271, 1294313-1294335, 1294487-1294495, 1294517-1294527, 1294565-1294591, 1294625-1294655, 1294700-1294719, 1294804-1294815, 1294838-1294847, 1294883-1294911, 1294964-1294975, 1295011-1295039, 1295084-1295103, 1295201-1295231, 1295298-1295327, 1295351-1295359, 1295765-1295775, 1295795-1295807, 1295859-1295871, 1295962-1295967, 1295986-1295999, 1296038-1296063, 1296108-1296127, 1296206-1296223, 1296248-1296255, 1296332-1296351, 1296370-1296383, 1296529-1296543, 1296566-1296575, 1296636-1296639, 1296892-1296895, 1296973-1296991, 1297010-1297023, 1297110-1297119, 1297137-1297151, 1297288-1297311, 1297329-1297343, 1297401-1297407, 1297614-1297631, 1297650-1297663, 1297868-1297887, 1297914-1297919, 1298734-1298751, 1298807-1298815, 1298863-1298879, 1298917-1298943, 1299111-1299135, 1299171-1299199, 1299433-1299455, 1300095, 1300168-1300191, 1300222-1300223, 1300363-1300383, 1300414-1300415, 1300452-1300479, 1300508-1300511, 1300534-1300543, 1300578-1300607, 1300678-1300703, 1300727-1300735, 1300772-1300799, 1300863, 1300937-1300959, 1300977-1300991, 1301068-1301087, 1301109-1301119, 1301157-1301183, 1301232-1301247, 1301420-1301439, 1301478-1301503, 1302041-1302047, 1302069-1302079, 1302130-1302143, 1302241-1302271, 1302346-1302367, 1302390-1302399, 1302431, 1302456-1302463, 1302486-1302495, 1302519-1302527, 1302943, 1302962-1302975, 1303020-1303039, 1303208-1303231, 1303249-1303263, 1303295, 1303493-1303519, 1303546-1303551, 1303576-1303583, 1303602-1303615, 1303659-1303679, 1303703-1303711, 1303738-1303743, 1303768-1303775, 1303795-1303807, 1303848-1303871, 1303895-1303903, 1303926-1303935, 1303959-1303967, 1303995-1303999, 1304019-1304031, 1304051-1304063, 1304197-1304223, 1304246-1304255, 1304308-1304319, 1304340-1304351, 1304370-1304383, 1304423-1304447, 1304469-1304479, 1304504-1304511, 1304547-1304575, 1305326-1305343, 1305390-1305407, 1305467-1305471, 1305584-1305599, 1305836-1305855, 1305878-1305887, 1305906-1305919, 1305950-1305951, 1305979-1305983, 1306062-1306079, 1306097-1306111, 1306694-1306719, 1306742-1306751, 1306819-1306847, 1306868-1306879, 1307077-1307103, 1307124-1307135, 1307532-1307551, 1307571-1307583, 1307939-1307967, 1308017-1308031, 1308068-1308095, 1308141-1308159, 1308997-1309023, 1309045-1309055, 1309140-1309151, 1309173-1309183, 1309830-1309855, 1309875-1309887, 1309921-1309951, 1309991-1310015, 1310047, 1310077-1310079, 1310132-1310143, 1310163-1310175, 1310195-1310207, 1310357-1310367, 1310388-1310399, 1310447-1310463, 1310685-1310687, 1310706-1310719
  Free inodes: 319489-327680
Group 40: (Blocks 1310720-1343487) csum 0xf602 [INODE_UNINIT, ITABLE_ZEROED]
  Block bitmap at 1048584 (bg #32 + 8), csum 0x7b32e5be
  Inode bitmap at 1048600 (bg #32 + 24), csum 0x00000000
  Inode table at 1052704-1053215 (bg #32 + 4128)
  5048 free blocks, 8192 free inodes, 0 directories, 8192 unused inodes
  Free blocks: 1310782-1310783, 1310809-1310815, 1310837-1310847, 1310869-1310879, 1310901-1310911, 1310934-1310943, 1310966-1310975, 1311000-1311007, 1311031-1311039, 1311064-1311071, 1311096-1311103, 1311128-1311135, 1311161-1311167, 1311207-1311231, 1311314-1311327, 1311351-1311359, 1311443-1311455, 1311474-1311487, 1311508-1311519, 1311544-1311551, 1311581-1311583, 1311605-1311615, 1311735-1311743, 1311826-1311839, 1311868-1311871, 1311942-1311967, 1311987-1311999, 1312143-1312159, 1312185-1312191, 1312210-1312223, 1312243-1312255, 1312447, 1312490-1312511, 1312684-1312703, 1312723-1312735, 1312763-1312767, 1313055, 1313075-1313087, 1313108-1313119, 1313142-1313151, 1313192-1313215, 1313270-1313279, 1313353-1313375, 1313396-1313407, 1313429-1313439, 1313465-1313471, 1313525-1313535, 1313643-1313663, 1313706-1313727, 1313767-1313791, 1315065-1315071, 1315146-1315167, 1315189-1315199, 1315291-1315295, 1315319-1315327, 1315492-1315519, 1315580-1315583, 1315605-1315615, 1315634-1315647, 1315689-1315711, 1315794-1315807, 1315830-1315839, 1315970-1315999, 1316018-1316031, 1316050-1316063, 1316086-1316095, 1316117-1316127, 1316154-1316159, 1316188-1316191, 1316213-1316223, 1316246-1316255, 1316284-1316287, 1316313-1316319, 1316337-1316351, 1316540-1316543, 1316577-1316607, 1316627-1316639, 1316657-1316671, 1316702-1316703, 1316727-1316735, 1316818-1316831, 1316858-1316863, 1319703-1319711, 1319729-1319743, 1319765-1319775, 1319795-1319807, 1319924-1319935, 1319984-1319999, 1320027-1320031, 1320050-1320063, 1320100-1320127, 1320158-1320159, 1320191, 1320230-1320255, 1320295-1320319, 1320396-1320415, 1320446-1320447, 1320466-1320479, 1320505-1320511, 1320549-1320575, 1320637-1320639, 1320692-1320703, 1320797-1320799, 1320817-1320831, 1320869-1320895, 1320913-1320927, 1320952-1320959, 1321001-1321023, 1321044-1321055, 1321073-1321087, 1321198-1321215, 1321259-1321279, 1321307-1321311, 1321332-1321343, 1321363-1321375, 1321398-1321407, 1321431-1321439, 1321464-1321471, 1327900-1327903, 1327921-1327935, 1327965-1327967, 1327987-1327999, 1328024-1328031, 1328051-1328063, 1328081-1328095, 1328125-1328127, 1328678-1328703, 1328751-1328767, 1328846-1328863, 1328881-1328895, 1328913-1328927, 1328955-1328959, 1328980-1328991, 1329012-1329023, 1329058-1329087, 1329106-1329119, 1329147-1329151, 1330247-1330271, 1330289-1330303, 1330329-1330335, 1330357-1330367, 1330405-1330431, 1330450-1330463, 1330484-1330495, 1330534-1330559, 1330591, 1330618-1330623, 1330669-1330687, 1331063-1331071, 1331096-1331103, 1331125-1331135, 1331197-1331199, 1331221-1331231, 1331255-1331263, 1331288-1331295, 1331317-1331327, 1331347-1331359, 1331383-1331391, 1331420-1331423, 1331441-1331455, 1331490-1331519, 1331538-1331551, 1331574-1331583, 1331601-1331615, 1331640-1331647, 1331668-1331679, 1331698-1331711, 1331738-1331743, 1331762-1331775, 1331822-1331839, 1331924-1331935, 1331953-1331967, 1332043-1332063, 1332081-1332095, 1332266-1332287, 1332341-1332351, 1332432-1332447, 1332479, 1332667-1332671, 1332735, 1333247, 1333380-1333407, 1333433-1333439, 1333484-1333503, 1333723-1333727, 1333747-1333759, 1333946-1333951, 1333986-1334015, 1334078-1334079, 1334143, 1334213-1334239, 1334262-1334271, 1334344-1334367, 1334398-1334399, 1334439-1334463, 1334504-1334527, 1334551-1334559, 1334655, 1334680-1334687, 1334710-1334719, 1334742-1334751, 1334778-1334783, 1334842-1334847, 1334866-1334879, 1334900-1334911, 1334936-1334943, 1334965-1334975, 1334993-1335007, 1335035-1335039, 1335098-1335103, 1335142-1335167, 1335185-1335199, 1335224-1335231, 1335283-1335295, 1335327, 1335348-1335359, 1335395-1335423, 1335466-1335487, 1335525-1335551, 1335629-1335647, 1335667-1335679, 1335699-1335711, 1335730-1335743, 1335762-1335775, 1335797-1335807, 1335846-1335871, 1335926-1335935, 1335956-1335967, 1335988-1335999, 1336023-1336031, 1336059-1336063, 1336113-1336127, 1336188-1336191, 1336228-1336255, 1336275-1336287, 1336308-1336319, 1336340-1336351, 1336369-1336383, 1336401-1336415, 1336440-1336447, 1336482-1336511, 1336535-1336543, 1336575, 1336616-1336639, 1336665-1336671, 1336696-1336703, 1336725-1336735, 1336810-1336831, 1336870-1336895, 1336944-1336959, 1337001-1337023, 1337042-1337055, 1337076-1337087, 1337106-1337119, 1337137-1337151, 1337172-1337183, 1337205-1337215, 1337246-1337247, 1337265-1337279, 1337297-1337311, 1337329-1337343, 1337362-1337375, 1337393-1337407, 1337426-1337439, 1337459-1337471, 1337491-1337503, 1337524-1337535, 1337561-1337567, 1337587-1337599, 1337618-1337631, 1337653-1337663, 1337690-1337695, 1337719-1337727, 1337765-1337791, 1337815-1337823, 1337844-1337855, 1337885-1337887, 1337907-1337919, 1337973-1337983, 1338077-1338079, 1338101-1338111, 1338138-1338143, 1338162-1338175, 1338211-1338239, 1338360-1338367, 1338487-1338495, 1338523-1338527, 1338550-1338559, 1338595-1338623, 1338659-1338687, 1338742-1338751, 1338813-1338815, 1338834-1338847, 1338865-1338879, 1338913-1338943, 1339000-1339007, 1339091-1339103, 1339125-1339135, 1339193-1339199, 1339225-1339231, 1339252-1339263, 1339366-1339391, 1339420-1339423, 1339453-1339455, 1339486-1339487, 1339506-1339519, 1339555-1339583, 1339604-1339615, 1339645-1339647, 1339691-1339711, 1339736-1339743, 1339768-1339775, 1339878-1339903, 1339922-1339935, 1339954-1339967, 1339993-1339999, 1340018-1340031, 1340122-1340127, 1340211-1340223, 1340252-1340255, 1340275-1340287, 1340313-1340319, 1340349-1340351, 1340376-1340383, 1340405-1340415, 1340449-1340479, 1340509-1340511, 1340535-1340543, 1340561-1340575, 1340600-1340607, 1340642-1340671, 1340692-1340703, 1340721-1340735, 1340754-1340767, 1340788-1340799, 1340819-1340831, 1340849-1340863, 1340899-1340927, 1340949-1340959, 1340980-1340991, 1341030-1341055, 1341080-1341087, 1341107-1341119, 1341156-1341183, 1341336-1341343, 1341363-1341375, 1341397-1341407, 1341433-1341439, 1341457-1341471, 1341490-1341503, 1341528-1341535, 1341557-1341567, 1341626-1341631, 1341666-1341695, 1341719-1341727, 1341754-1341759, 1341784-1341791, 1341809-1341823, 1341924-1341951, 1342015, 1342034-1342047, 1342071-1342079, 1342153-1342175, 1342193-1342207, 1342248-1342271, 1342291-1342303, 1342323-1342335, 1342362-1342367, 1342396-1342399, 1342453-1342463, 1342483-1342495, 1342517-1342527, 1342574-1342591, 1342622-1342623, 1342654-1342655, 1342677-1342687, 1342707-1342719, 1342756-1342783, 1342823-1342847, 1342904-1342911, 1342932-1342943, 1342972-1342975, 1343021-1343039, 1343058-1343071, 1343090-1343103, 1343121-1343135, 1343163-1343167, 1343186-1343199, 1343231, 1343251-1343263, 1343281-1343295, 1343313-1343327, 1343353-1343359, 1343377-1343391, 1343416-1343423, 1343441-1343455, 1343474-1343487
  Free inodes: 327681-335872
Group 41: (Blocks 1343488-1376255) csum 0x6390 [INODE_UNINIT, ITABLE_ZEROED]
  Block bitmap at 1048585 (bg #32 + 9), csum 0x2a6afde8
  Inode bitmap at 1048601 (bg #32 + 25), csum 0x00000000
  Inode table at 1053216-1053727 (bg #32 + 4640)
  6598 free blocks, 8192 free inodes, 0 directories, 8192 unused inodes
